Archive member included to satisfy reference by file (symbol)

c:/st/stm32cubeide_1.3.0/stm32cubeide/plugins/com.st.stm32cube.ide.mcu.externaltools.gnu-tools-for-stm32.7-2018-q2-update.win32_1.0.0.201904181610/tools/bin/../lib/gcc/arm-none-eabi/7.3.1/../../../../arm-none-eabi/lib/thumb/v7e-m/fpv4-sp/hard\libc_nano.a(lib_a-errno.o)
                              Src/syscalls.o (__errno)
c:/st/stm32cubeide_1.3.0/stm32cubeide/plugins/com.st.stm32cube.ide.mcu.externaltools.gnu-tools-for-stm32.7-2018-q2-update.win32_1.0.0.201904181610/tools/bin/../lib/gcc/arm-none-eabi/7.3.1/../../../../arm-none-eabi/lib/thumb/v7e-m/fpv4-sp/hard\libc_nano.a(lib_a-exit.o)
                              c:/st/stm32cubeide_1.3.0/stm32cubeide/plugins/com.st.stm32cube.ide.mcu.externaltools.gnu-tools-for-stm32.7-2018-q2-update.win32_1.0.0.201904181610/tools/bin/../lib/gcc/arm-none-eabi/7.3.1/../../../../arm-none-eabi/lib/thumb/v7e-m/fpv4-sp/hard/crt0.o (exit)
c:/st/stm32cubeide_1.3.0/stm32cubeide/plugins/com.st.stm32cube.ide.mcu.externaltools.gnu-tools-for-stm32.7-2018-q2-update.win32_1.0.0.201904181610/tools/bin/../lib/gcc/arm-none-eabi/7.3.1/../../../../arm-none-eabi/lib/thumb/v7e-m/fpv4-sp/hard\libc_nano.a(lib_a-impure.o)
                              c:/st/stm32cubeide_1.3.0/stm32cubeide/plugins/com.st.stm32cube.ide.mcu.externaltools.gnu-tools-for-stm32.7-2018-q2-update.win32_1.0.0.201904181610/tools/bin/../lib/gcc/arm-none-eabi/7.3.1/../../../../arm-none-eabi/lib/thumb/v7e-m/fpv4-sp/hard\libc_nano.a(lib_a-exit.o) (_global_impure_ptr)
c:/st/stm32cubeide_1.3.0/stm32cubeide/plugins/com.st.stm32cube.ide.mcu.externaltools.gnu-tools-for-stm32.7-2018-q2-update.win32_1.0.0.201904181610/tools/bin/../lib/gcc/arm-none-eabi/7.3.1/../../../../arm-none-eabi/lib/thumb/v7e-m/fpv4-sp/hard\libc_nano.a(lib_a-init.o)
                              c:/st/stm32cubeide_1.3.0/stm32cubeide/plugins/com.st.stm32cube.ide.mcu.externaltools.gnu-tools-for-stm32.7-2018-q2-update.win32_1.0.0.201904181610/tools/bin/../lib/gcc/arm-none-eabi/7.3.1/../../../../arm-none-eabi/lib/thumb/v7e-m/fpv4-sp/hard/crt0.o (__libc_init_array)
c:/st/stm32cubeide_1.3.0/stm32cubeide/plugins/com.st.stm32cube.ide.mcu.externaltools.gnu-tools-for-stm32.7-2018-q2-update.win32_1.0.0.201904181610/tools/bin/../lib/gcc/arm-none-eabi/7.3.1/../../../../arm-none-eabi/lib/thumb/v7e-m/fpv4-sp/hard\libc_nano.a(lib_a-malloc.o)
                              Src/microSD.o (malloc)
c:/st/stm32cubeide_1.3.0/stm32cubeide/plugins/com.st.stm32cube.ide.mcu.externaltools.gnu-tools-for-stm32.7-2018-q2-update.win32_1.0.0.201904181610/tools/bin/../lib/gcc/arm-none-eabi/7.3.1/../../../../arm-none-eabi/lib/thumb/v7e-m/fpv4-sp/hard\libc_nano.a(lib_a-memset.o)
                              c:/st/stm32cubeide_1.3.0/stm32cubeide/plugins/com.st.stm32cube.ide.mcu.externaltools.gnu-tools-for-stm32.7-2018-q2-update.win32_1.0.0.201904181610/tools/bin/../lib/gcc/arm-none-eabi/7.3.1/../../../../arm-none-eabi/lib/thumb/v7e-m/fpv4-sp/hard/crt0.o (memset)
c:/st/stm32cubeide_1.3.0/stm32cubeide/plugins/com.st.stm32cube.ide.mcu.externaltools.gnu-tools-for-stm32.7-2018-q2-update.win32_1.0.0.201904181610/tools/bin/../lib/gcc/arm-none-eabi/7.3.1/../../../../arm-none-eabi/lib/thumb/v7e-m/fpv4-sp/hard\libc_nano.a(lib_a-nano-freer.o)
                              c:/st/stm32cubeide_1.3.0/stm32cubeide/plugins/com.st.stm32cube.ide.mcu.externaltools.gnu-tools-for-stm32.7-2018-q2-update.win32_1.0.0.201904181610/tools/bin/../lib/gcc/arm-none-eabi/7.3.1/../../../../arm-none-eabi/lib/thumb/v7e-m/fpv4-sp/hard\libc_nano.a(lib_a-malloc.o) (_free_r)
c:/st/stm32cubeide_1.3.0/stm32cubeide/plugins/com.st.stm32cube.ide.mcu.externaltools.gnu-tools-for-stm32.7-2018-q2-update.win32_1.0.0.201904181610/tools/bin/../lib/gcc/arm-none-eabi/7.3.1/../../../../arm-none-eabi/lib/thumb/v7e-m/fpv4-sp/hard\libc_nano.a(lib_a-nano-mallocr.o)
                              c:/st/stm32cubeide_1.3.0/stm32cubeide/plugins/com.st.stm32cube.ide.mcu.externaltools.gnu-tools-for-stm32.7-2018-q2-update.win32_1.0.0.201904181610/tools/bin/../lib/gcc/arm-none-eabi/7.3.1/../../../../arm-none-eabi/lib/thumb/v7e-m/fpv4-sp/hard\libc_nano.a(lib_a-malloc.o) (_malloc_r)
c:/st/stm32cubeide_1.3.0/stm32cubeide/plugins/com.st.stm32cube.ide.mcu.externaltools.gnu-tools-for-stm32.7-2018-q2-update.win32_1.0.0.201904181610/tools/bin/../lib/gcc/arm-none-eabi/7.3.1/../../../../arm-none-eabi/lib/thumb/v7e-m/fpv4-sp/hard\libc_nano.a(lib_a-sbrkr.o)
                              c:/st/stm32cubeide_1.3.0/stm32cubeide/plugins/com.st.stm32cube.ide.mcu.externaltools.gnu-tools-for-stm32.7-2018-q2-update.win32_1.0.0.201904181610/tools/bin/../lib/gcc/arm-none-eabi/7.3.1/../../../../arm-none-eabi/lib/thumb/v7e-m/fpv4-sp/hard\libc_nano.a(lib_a-nano-mallocr.o) (_sbrk_r)
[...]
Memory Configuration

Name             Origin             Length             Attributes
RAM              0x0000000020000000 0x0000000000020000 xrw
FLASH            0x0000000008000000 0x0000000000080000 xr
*default*        0x0000000000000000 0xffffffffffffffff

Linker script and memory map

LOAD c:/st/stm32cubeide_1.3.0/stm32cubeide/plugins/com.st.stm32cube.ide.mcu.externaltools.gnu-tools-for-stm32.7-2018-q2-update.win32_1.0.0.201904181610/tools/bin/../lib/gcc/arm-none-eabi/7.3.1/thumb/v7e-m/fpv4-sp/hard/crti.o
LOAD c:/st/stm32cubeide_1.3.0/stm32cubeide/plugins/com.st.stm32cube.ide.mcu.externaltools.gnu-tools-for-stm32.7-2018-q2-update.win32_1.0.0.201904181610/tools/bin/../lib/gcc/arm-none-eabi/7.3.1/thumb/v7e-m/fpv4-sp/hard/crtbegin.o
LOAD c:/st/stm32cubeide_1.3.0/stm32cubeide/plugins/com.st.stm32cube.ide.mcu.externaltools.gnu-tools-for-stm32.7-2018-q2-update.win32_1.0.0.201904181610/tools/bin/../lib/gcc/arm-none-eabi/7.3.1/../../../../arm-none-eabi/lib/thumb/v7e-m/fpv4-sp/hard/crt0.o
LOAD Drivers/STM32F4xx_HAL_Driver/Src/stm32f4xx_hal.o
LOAD Drivers/STM32F4xx_HAL_Driver/Src/stm32f4xx_hal_cortex.o
LOAD Drivers/STM32F4xx_HAL_Driver/Src/stm32f4xx_hal_dma.o
LOAD Drivers/STM32F4xx_HAL_Driver/Src/stm32f4xx_hal_dma_ex.o
LOAD Drivers/STM32F4xx_HAL_Driver/Src/stm32f4xx_hal_exti.o
LOAD Drivers/STM32F4xx_HAL_Driver/Src/stm32f4xx_hal_flash.o
LOAD Drivers/STM32F4xx_HAL_Driver/Src/stm32f4xx_hal_flash_ex.o
LOAD Drivers/STM32F4xx_HAL_Driver/Src/stm32f4xx_hal_flash_ramfunc.o
LOAD Drivers/STM32F4xx_HAL_Driver/Src/stm32f4xx_hal_gpio.o
LOAD Drivers/STM32F4xx_HAL_Driver/Src/stm32f4xx_hal_pwr.o
LOAD Drivers/STM32F4xx_HAL_Driver/Src/stm32f4xx_hal_pwr_ex.o
LOAD Drivers/STM32F4xx_HAL_Driver/Src/stm32f4xx_hal_rcc.o
LOAD Drivers/STM32F4xx_HAL_Driver/Src/stm32f4xx_hal_rcc_ex.o
LOAD Drivers/STM32F4xx_HAL_Driver/Src/stm32f4xx_hal_spi.o
LOAD Drivers/STM32F4xx_HAL_Driver/Src/stm32f4xx_hal_tim.o
LOAD Drivers/STM32F4xx_HAL_Driver/Src/stm32f4xx_hal_tim_ex.o
LOAD Drivers/STM32F4xx_HAL_Driver/Src/stm32f4xx_hal_uart.o
LOAD Middlewares/Third_Party/FatFs/src/diskio.o
LOAD Middlewares/Third_Party/FatFs/src/ff.o
LOAD Middlewares/Third_Party/FatFs/src/ff_gen_drv.o
LOAD Middlewares/Third_Party/FatFs/src/option/cc949.o
LOAD Middlewares/Third_Party/FatFs/src/option/syscall.o
LOAD Src/fatfs.o
LOAD Src/fatfs_sd.o
LOAD Src/main.o
LOAD Src/microSD.o
LOAD Src/stm32f4xx_hal_msp.o
LOAD Src/stm32f4xx_it.o
LOAD Src/syscalls.o
LOAD Src/sysmem.o
LOAD Src/system_stm32f4xx.o
LOAD Src/tm1637.o
LOAD Src/tm1637_.o
LOAD Src/user_diskio.o
LOAD Src/w2812b.o
LOAD Startup/startup_stm32f411retx.o
START GROUP
LOAD c:/st/stm32cubeide_1.3.0/stm32cubeide/plugins/com.st.stm32cube.ide.mcu.externaltools.gnu-tools-for-stm32.7-2018-q2-update.win32_1.0.0.201904181610/tools/bin/../lib/gcc/arm-none-eabi/7.3.1/../../../../arm-none-eabi/lib/thumb/v7e-m/fpv4-sp/hard\libc_nano.a
LOAD c:/st/stm32cubeide_1.3.0/stm32cubeide/plugins/com.st.stm32cube.ide.mcu.externaltools.gnu-tools-for-stm32.7-2018-q2-update.win32_1.0.0.201904181610/tools/bin/../lib/gcc/arm-none-eabi/7.3.1/../../../../arm-none-eabi/lib/thumb/v7e-m/fpv4-sp/hard\libm.a
END GROUP
START GROUP
LOAD c:/st/stm32cubeide_1.3.0/stm32cubeide/plugins/com.st.stm32cube.ide.mcu.externaltools.gnu-tools-for-stm32.7-2018-q2-update.win32_1.0.0.201904181610/tools/bin/../lib/gcc/arm-none-eabi/7.3.1/thumb/v7e-m/fpv4-sp/hard\libgcc.a
LOAD c:/st/stm32cubeide_1.3.0/stm32cubeide/plugins/com.st.stm32cube.ide.mcu.externaltools.gnu-tools-for-stm32.7-2018-q2-update.win32_1.0.0.201904181610/tools/bin/../lib/gcc/arm-none-eabi/7.3.1/../../../../arm-none-eabi/lib/thumb/v7e-m/fpv4-sp/hard\libc_nano.a
END GROUP
START GROUP
LOAD c:/st/stm32cubeide_1.3.0/stm32cubeide/plugins/com.st.stm32cube.ide.mcu.externaltools.gnu-tools-for-stm32.7-2018-q2-update.win32_1.0.0.201904181610/tools/bin/../lib/gcc/arm-none-eabi/7.3.1/thumb/v7e-m/fpv4-sp/hard\libgcc.a
LOAD c:/st/stm32cubeide_1.3.0/stm32cubeide/plugins/com.st.stm32cube.ide.mcu.externaltools.gnu-tools-for-stm32.7-2018-q2-update.win32_1.0.0.201904181610/tools/bin/../lib/gcc/arm-none-eabi/7.3.1/../../../../arm-none-eabi/lib/thumb/v7e-m/fpv4-sp/hard\libc_nano.a
LOAD c:/st/stm32cubeide_1.3.0/stm32cubeide/plugins/com.st.stm32cube.ide.mcu.externaltools.gnu-tools-for-stm32.7-2018-q2-update.win32_1.0.0.201904181610/tools/bin/../lib/gcc/arm-none-eabi/7.3.1/../../../../arm-none-eabi/lib/thumb/v7e-m/fpv4-sp/hard\libnosys.a
END GROUP
START GROUP
LOAD c:/st/stm32cubeide_1.3.0/stm32cubeide/plugins/com.st.stm32cube.ide.mcu.externaltools.gnu-tools-for-stm32.7-2018-q2-update.win32_1.0.0.201904181610/tools/bin/../lib/gcc/arm-none-eabi/7.3.1/thumb/v7e-m/fpv4-sp/hard\libgcc.a
LOAD c:/st/stm32cubeide_1.3.0/stm32cubeide/plugins/com.st.stm32cube.ide.mcu.externaltools.gnu-tools-for-stm32.7-2018-q2-update.win32_1.0.0.201904181610/tools/bin/../lib/gcc/arm-none-eabi/7.3.1/../../../../arm-none-eabi/lib/thumb/v7e-m/fpv4-sp/hard\libc_nano.a
LOAD c:/st/stm32cubeide_1.3.0/stm32cubeide/plugins/com.st.stm32cube.ide.mcu.externaltools.gnu-tools-for-stm32.7-2018-q2-update.win32_1.0.0.201904181610/tools/bin/../lib/gcc/arm-none-eabi/7.3.1/../../../../arm-none-eabi/lib/thumb/v7e-m/fpv4-sp/hard\libnosys.a
END GROUP
LOAD c:/st/stm32cubeide_1.3.0/stm32cubeide/plugins/com.st.stm32cube.ide.mcu.externaltools.gnu-tools-for-stm32.7-2018-q2-update.win32_1.0.0.201904181610/tools/bin/../lib/gcc/arm-none-eabi/7.3.1/thumb/v7e-m/fpv4-sp/hard/crtend.o
LOAD c:/st/stm32cubeide_1.3.0/stm32cubeide/plugins/com.st.stm32cube.ide.mcu.externaltools.gnu-tools-for-stm32.7-2018-q2-update.win32_1.0.0.201904181610/tools/bin/../lib/gcc/arm-none-eabi/7.3.1/thumb/v7e-m/fpv4-sp/hard/crtn.o
                0x0000000020020000                _estack = (ORIGIN (RAM) + LENGTH (RAM))
                0x0000000000000200                _Min_Heap_Size = 0x200
                0x0000000000000400                _Min_Stack_Size = 0x400

.isr_vector     0x0000000008000000      0x198
                0x0000000008000000                . = ALIGN (0x4)
 *(.isr_vector)
 .isr_vector    0x0000000008000000      0x198 Startup/startup_stm32f411retx.o
                0x0000000008000000                g_pfnVectors
                0x0000000008000198                . = ALIGN (0x4)

.text           0x00000000080001a0     0xa460
                0x00000000080001a0                . = ALIGN (0x4)
 *(.text)
 .text          0x00000000080001a0       0x40 c:/st/stm32cubeide_1.3.0/stm32cubeide/plugins/com.st.stm32cube.ide.mcu.externaltools.gnu-tools-for-stm32.7-2018-q2-update.win32_1.0.0.201904181610/tools/bin/../lib/gcc/arm-none-eabi/7.3.1/thumb/v7e-m/fpv4-sp/hard/crtbegin.o
 .text          0x00000000080001e0       0x10 c:/st/stm32cubeide_1.3.0/stm32cubeide/plugins/com.st.stm32cube.ide.mcu.externaltools.gnu-tools-for-stm32.7-2018-q2-update.win32_1.0.0.201904181610/tools/bin/../lib/gcc/arm-none-eabi/7.3.1/../../../../arm-none-eabi/lib/thumb/v7e-m/fpv4-sp/hard\libc_nano.a(lib_a-strlen.o)
                0x00000000080001e0                strlen
 .text          0x00000000080001f0       0xa0 c:/st/stm32cubeide_1.3.0/stm32cubeide/plugins/com.st.stm32cube.ide.mcu.externaltools.gnu-tools-for-stm32.7-2018-q2-update.win32_1.0.0.201904181610/tools/bin/../lib/gcc/arm-none-eabi/7.3.1/../../../../arm-none-eabi/lib/thumb/v7e-m/fpv4-sp/hard\libc_nano.a(lib_a-memchr.o)
                0x00000000080001f0                memchr
 .text          0x0000000008000290      0x378 c:/st/stm32cubeide_1.3.0/stm32cubeide/plugins/com.st.stm32cube.ide.mcu.externaltools.gnu-tools-for-stm32.7-2018-q2-update.win32_1.0.0.201904181610/tools/bin/../lib/gcc/arm-none-eabi/7.3.1/thumb/v7e-m/fpv4-sp/hard\libgcc.a(_arm_addsubdf3.o)
                0x0000000008000290                __aeabi_drsub
                0x0000000008000298                __aeabi_dsub
                0x0000000008000298                __subdf3
                0x000000000800029c                __aeabi_dadd
                0x000000000800029c                __adddf3
                0x0000000008000514                __floatunsidf
                0x0000000008000514                __aeabi_ui2d
                0x0000000008000534                __floatsidf
                0x0000000008000534                __aeabi_i2d
                0x0000000008000558                __aeabi_f2d
                0x0000000008000558                __extendsfdf2
                0x000000000800059c                __floatundidf
                0x000000000800059c                __aeabi_ul2d
                0x00000000080005ac                __floatdidf
                0x00000000080005ac                __aeabi_l2d
 .text          0x0000000008000608      0x424 c:/st/stm32cubeide_1.3.0/stm32cubeide/plugins/com.st.stm32cube.ide.mcu.externaltools.gnu-tools-for-stm32.7-2018-q2-update.win32_1.0.0.201904181610/tools/bin/../lib/gcc/arm-none-eabi/7.3.1/thumb/v7e-m/fpv4-sp/hard\libgcc.a(_arm_muldivdf3.o)
                0x0000000008000608                __aeabi_dmul
                0x0000000008000608                __muldf3
                0x000000000800085c                __divdf3
                0x000000000800085c                __aeabi_ddiv
 .text          0x0000000008000a2c       0x40 c:/st/stm32cubeide_1.3.0/stm32cubeide/plugins/com.st.stm32cube.ide.mcu.externaltools.gnu-tools-for-stm32.7-2018-q2-update.win32_1.0.0.201904181610/tools/bin/../lib/gcc/arm-none-eabi/7.3.1/thumb/v7e-m/fpv4-sp/hard\libgcc.a(_arm_fixunsdfsi.o)
                0x0000000008000a2c                __aeabi_d2uiz
                0x0000000008000a2c                __fixunsdfsi
 .text          0x0000000008000a6c       0x30 c:/st/stm32cubeide_1.3.0/stm32cubeide/plugins/com.st.stm32cube.ide.mcu.externaltools.gnu-tools-for-stm32.7-2018-q2-update.win32_1.0.0.201904181610/tools/bin/../lib/gcc/arm-none-eabi/7.3.1/thumb/v7e-m/fpv4-sp/hard\libgcc.a(_aeabi_uldivmod.o)
                0x0000000008000a6c                __aeabi_uldivmod
 .text          0x0000000008000a9c      0x2cc c:/st/stm32cubeide_1.3.0/stm32cubeide/plugins/com.st.stm32cube.ide.mcu.externaltools.gnu-tools-for-stm32.7-2018-q2-update.win32_1.0.0.201904181610/tools/bin/../lib/gcc/arm-none-eabi/7.3.1/thumb/v7e-m/fpv4-sp/hard\libgcc.a(_udivmoddi4.o)
                0x0000000008000a9c                __udivmoddi4
 .text          0x0000000008000d68        0x4 c:/st/stm32cubeide_1.3.0/stm32cubeide/plugins/com.st.stm32cube.ide.mcu.externaltools.gnu-tools-for-stm32.7-2018-q2-update.win32_1.0.0.201904181610/tools/bin/../lib/gcc/arm-none-eabi/7.3.1/thumb/v7e-m/fpv4-sp/hard\libgcc.a(_dvmd_tls.o)
                0x0000000008000d68                __aeabi_idiv0
                0x0000000008000d68                __aeabi_ldiv0
 *(.text*)
 .text.HAL_Init
                0x0000000008000d6c       0x44 Drivers/STM32F4xx_HAL_Driver/Src/stm32f4xx_hal.o
                0x0000000008000d6c                HAL_Init
 .text.HAL_InitTick
                0x0000000008000db0       0x60 Drivers/STM32F4xx_HAL_Driver/Src/stm32f4xx_hal.o
                0x0000000008000db0                HAL_InitTick
 .text.HAL_IncTick
                0x0000000008000e10       0x28 Drivers/STM32F4xx_HAL_Driver/Src/stm32f4xx_hal.o
                0x0000000008000e10                HAL_IncTick
 .text.HAL_GetTick
                0x0000000008000e38       0x18 Drivers/STM32F4xx_HAL_Driver/Src/stm32f4xx_hal.o
                0x0000000008000e38                HAL_GetTick
 .text.HAL_Delay
                0x0000000008000e50       0x44 Drivers/STM32F4xx_HAL_Driver/Src/stm32f4xx_hal.o
                0x0000000008000e50                HAL_Delay
 .text.__NVIC_SetPriorityGrouping
                0x0000000008000e94       0x48 Drivers/STM32F4xx_HAL_Driver/Src/stm32f4xx_hal_cortex.o
 .text.__NVIC_GetPriorityGrouping
                0x0000000008000edc       0x1c Drivers/STM32F4xx_HAL_Driver/Src/stm32f4xx_hal_cortex.o
 .text.__NVIC_EnableIRQ
                0x0000000008000ef8       0x3c Drivers/STM32F4xx_HAL_Driver/Src/stm32f4xx_hal_cortex.o
 .text.__NVIC_SetPriority
                0x0000000008000f34       0x54 Drivers/STM32F4xx_HAL_Driver/Src/stm32f4xx_hal_cortex.o
 .text.NVIC_EncodePriority
                0x0000000008000f88       0x66 Drivers/STM32F4xx_HAL_Driver/Src/stm32f4xx_hal_cortex.o
 *fill*         0x0000000008000fee        0x2 
 .text.SysTick_Config
                0x0000000008000ff0       0x44 Drivers/STM32F4xx_HAL_Driver/Src/stm32f4xx_hal_cortex.o
 .text.HAL_NVIC_SetPriorityGrouping
                0x0000000008001034       0x16 Drivers/STM32F4xx_HAL_Driver/Src/stm32f4xx_hal_cortex.o
                0x0000000008001034                HAL_NVIC_SetPriorityGrouping
 .text.HAL_NVIC_SetPriority
                0x000000000800104a       0x38 Drivers/STM32F4xx_HAL_Driver/Src/stm32f4xx_hal_cortex.o
                0x000000000800104a                HAL_NVIC_SetPriority
 .text.HAL_NVIC_EnableIRQ
                0x0000000008001082       0x1c Drivers/STM32F4xx_HAL_Driver/Src/stm32f4xx_hal_cortex.o
                0x0000000008001082                HAL_NVIC_EnableIRQ
 .text.HAL_SYSTICK_Config
                0x000000000800109e       0x18 Drivers/STM32F4xx_HAL_Driver/Src/stm32f4xx_hal_cortex.o
                0x000000000800109e                HAL_SYSTICK_Config
 .text.HAL_SYSTICK_IRQHandler
                0x00000000080010b6        0xc Drivers/STM32F4xx_HAL_Driver/Src/stm32f4xx_hal_cortex.o
                0x00000000080010b6                HAL_SYSTICK_IRQHandler
 .text.HAL_SYSTICK_Callback
                0x00000000080010c2        0xe Drivers/STM32F4xx_HAL_Driver/Src/stm32f4xx_hal_cortex.o
                0x00000000080010c2                HAL_SYSTICK_Callback
 .text.HAL_DMA_Init
                0x00000000080010d0      0x15c Drivers/STM32F4xx_HAL_Driver/Src/stm32f4xx_hal_dma.o
                0x00000000080010d0                HAL_DMA_Init
 .text.HAL_DMA_Start_IT
                0x000000000800122c       0xb0 Drivers/STM32F4xx_HAL_Driver/Src/stm32f4xx_hal_dma.o
                0x000000000800122c                HAL_DMA_Start_IT
 .text.HAL_DMA_Abort_IT
                0x00000000080012dc       0x44 Drivers/STM32F4xx_HAL_Driver/Src/stm32f4xx_hal_dma.o
                0x00000000080012dc                HAL_DMA_Abort_IT
 .text.DMA_SetConfig
                0x0000000008001320       0x5c Drivers/STM32F4xx_HAL_Driver/Src/stm32f4xx_hal_dma.o
 .text.DMA_CalcBaseAndBitshift
                0x000000000800137c       0x6c Drivers/STM32F4xx_HAL_Driver/Src/stm32f4xx_hal_dma.o
 .text.DMA_CheckFifoParam
                0x00000000080013e8       0xf4 Drivers/STM32F4xx_HAL_Driver/Src/stm32f4xx_hal_dma.o
 .text.HAL_GPIO_Init
                0x00000000080014dc      0x304 Drivers/STM32F4xx_HAL_Driver/Src/stm32f4xx_hal_gpio.o
                0x00000000080014dc                HAL_GPIO_Init
 .text.HAL_GPIO_ReadPin
                0x00000000080017e0       0x30 Drivers/STM32F4xx_HAL_Driver/Src/stm32f4xx_hal_gpio.o
                0x00000000080017e0                HAL_GPIO_ReadPin
 .text.HAL_GPIO_WritePin
                0x0000000008001810       0x32 Drivers/STM32F4xx_HAL_Driver/Src/stm32f4xx_hal_gpio.o
                0x0000000008001810                HAL_GPIO_WritePin
 *fill*         0x0000000008001842        0x2 
 .text.HAL_RCC_OscConfig
                0x0000000008001844      0x4e0 Drivers/STM32F4xx_HAL_Driver/Src/stm32f4xx_hal_rcc.o
                0x0000000008001844                HAL_RCC_OscConfig
 .text.HAL_RCC_ClockConfig
                0x0000000008001d24      0x1cc Drivers/STM32F4xx_HAL_Driver/Src/stm32f4xx_hal_rcc.o
                0x0000000008001d24                HAL_RCC_ClockConfig
 .text.HAL_RCC_GetSysClockFreq
                0x0000000008001ef0      0x1b0 Drivers/STM32F4xx_HAL_Driver/Src/stm32f4xx_hal_rcc.o
                0x0000000008001ef0                HAL_RCC_GetSysClockFreq
 .text.HAL_RCC_GetHCLKFreq
                0x00000000080020a0       0x18 Drivers/STM32F4xx_HAL_Driver/Src/stm32f4xx_hal_rcc.o
                0x00000000080020a0                HAL_RCC_GetHCLKFreq
 .text.HAL_RCC_GetPCLK1Freq
                0x00000000080020b8       0x28 Drivers/STM32F4xx_HAL_Driver/Src/stm32f4xx_hal_rcc.o
                0x00000000080020b8                HAL_RCC_GetPCLK1Freq
 .text.HAL_RCC_GetPCLK2Freq
                0x00000000080020e0       0x28 Drivers/STM32F4xx_HAL_Driver/Src/stm32f4xx_hal_rcc.o
                0x00000000080020e0                HAL_RCC_GetPCLK2Freq
 .text.HAL_SPI_Init
                0x0000000008002108       0xd6 Drivers/STM32F4xx_HAL_Driver/Src/stm32f4xx_hal_spi.o
                0x0000000008002108                HAL_SPI_Init
 .text.HAL_SPI_Transmit
                0x00000000080021de      0x2be Drivers/STM32F4xx_HAL_Driver/Src/stm32f4xx_hal_spi.o
                0x00000000080021de                HAL_SPI_Transmit
 .text.HAL_SPI_TransmitReceive
                0x000000000800249c      0x422 Drivers/STM32F4xx_HAL_Driver/Src/stm32f4xx_hal_spi.o
                0x000000000800249c                HAL_SPI_TransmitReceive
 .text.SPI_WaitFlagStateUntilTimeout
                0x00000000080028be       0xd0 Drivers/STM32F4xx_HAL_Driver/Src/stm32f4xx_hal_spi.o
 .text.SPI_CheckFlag_BSY
                0x000000000800298e       0x3c Drivers/STM32F4xx_HAL_Driver/Src/stm32f4xx_hal_spi.o
 .text.HAL_TIM_Base_Init
                0x00000000080029ca       0x56 Drivers/STM32F4xx_HAL_Driver/Src/stm32f4xx_hal_tim.o
                0x00000000080029ca                HAL_TIM_Base_Init
 .text.HAL_TIM_Base_Start_IT
                0x0000000008002a20       0x48 Drivers/STM32F4xx_HAL_Driver/Src/stm32f4xx_hal_tim.o
                0x0000000008002a20                HAL_TIM_Base_Start_IT
 .text.HAL_TIM_PWM_Init
                0x0000000008002a68       0x56 Drivers/STM32F4xx_HAL_Driver/Src/stm32f4xx_hal_tim.o
                0x0000000008002a68                HAL_TIM_PWM_Init
 *fill*         0x0000000008002abe        0x2 
 .text.HAL_TIM_PWM_Start_DMA
                0x0000000008002ac0      0x20c Drivers/STM32F4xx_HAL_Driver/Src/stm32f4xx_hal_tim.o
                0x0000000008002ac0                HAL_TIM_PWM_Start_DMA
 .text.HAL_TIM_PWM_Stop_DMA
                0x0000000008002ccc      0x14c Drivers/STM32F4xx_HAL_Driver/Src/stm32f4xx_hal_tim.o
                0x0000000008002ccc                HAL_TIM_PWM_Stop_DMA
 .text.HAL_TIM_IRQHandler
                0x0000000008002e18      0x210 Drivers/STM32F4xx_HAL_Driver/Src/stm32f4xx_hal_tim.o
                0x0000000008002e18                HAL_TIM_IRQHandler
 .text.HAL_TIM_PWM_ConfigChannel
                0x0000000008003028      0x18c Drivers/STM32F4xx_HAL_Driver/Src/stm32f4xx_hal_tim.o
                0x0000000008003028                HAL_TIM_PWM_ConfigChannel
 .text.HAL_TIM_ConfigClockSource
                0x00000000080031b4      0x16e Drivers/STM32F4xx_HAL_Driver/Src/stm32f4xx_hal_tim.o
                0x00000000080031b4                HAL_TIM_ConfigClockSource
 .text.HAL_TIM_OC_DelayElapsedCallback
                0x0000000008003322       0x14 Drivers/STM32F4xx_HAL_Driver/Src/stm32f4xx_hal_tim.o
                0x0000000008003322                HAL_TIM_OC_DelayElapsedCallback
 .text.HAL_TIM_IC_CaptureCallback
                0x0000000008003336       0x14 Drivers/STM32F4xx_HAL_Driver/Src/stm32f4xx_hal_tim.o
                0x0000000008003336                HAL_TIM_IC_CaptureCallback
 .text.HAL_TIM_PWM_PulseFinishedCallback
                0x000000000800334a       0x14 Drivers/STM32F4xx_HAL_Driver/Src/stm32f4xx_hal_tim.o
                0x000000000800334a                HAL_TIM_PWM_PulseFinishedCallback
 .text.HAL_TIM_PWM_PulseFinishedHalfCpltCallback
                0x000000000800335e       0x14 Drivers/STM32F4xx_HAL_Driver/Src/stm32f4xx_hal_tim.o
                0x000000000800335e                HAL_TIM_PWM_PulseFinishedHalfCpltCallback
 .text.HAL_TIM_TriggerCallback
                0x0000000008003372       0x14 Drivers/STM32F4xx_HAL_Driver/Src/stm32f4xx_hal_tim.o
                0x0000000008003372                HAL_TIM_TriggerCallback
 .text.HAL_TIM_ErrorCallback
                0x0000000008003386       0x14 Drivers/STM32F4xx_HAL_Driver/Src/stm32f4xx_hal_tim.o
                0x0000000008003386                HAL_TIM_ErrorCallback
 .text.TIM_DMAError
                0x000000000800339a       0x24 Drivers/STM32F4xx_HAL_Driver/Src/stm32f4xx_hal_tim.o
                0x000000000800339a                TIM_DMAError
 .text.TIM_DMADelayPulseCplt
                0x00000000080033be       0x70 Drivers/STM32F4xx_HAL_Driver/Src/stm32f4xx_hal_tim.o
                0x00000000080033be                TIM_DMADelayPulseCplt
 .text.TIM_DMADelayPulseHalfCplt
                0x000000000800342e       0x70 Drivers/STM32F4xx_HAL_Driver/Src/stm32f4xx_hal_tim.o
                0x000000000800342e                TIM_DMADelayPulseHalfCplt
 *fill*         0x000000000800349e        0x2 
 .text.TIM_Base_SetConfig
                0x00000000080034a0      0x100 Drivers/STM32F4xx_HAL_Driver/Src/stm32f4xx_hal_tim.o
                0x00000000080034a0                TIM_Base_SetConfig
 .text.TIM_OC1_SetConfig
                0x00000000080035a0       0xcc Drivers/STM32F4xx_HAL_Driver/Src/stm32f4xx_hal_tim.o
 .text.TIM_OC2_SetConfig
                0x000000000800366c       0xd8 Drivers/STM32F4xx_HAL_Driver/Src/stm32f4xx_hal_tim.o
                0x000000000800366c                TIM_OC2_SetConfig
 .text.TIM_OC3_SetConfig
                0x0000000008003744       0xd4 Drivers/STM32F4xx_HAL_Driver/Src/stm32f4xx_hal_tim.o
 .text.TIM_OC4_SetConfig
                0x0000000008003818       0xa0 Drivers/STM32F4xx_HAL_Driver/Src/stm32f4xx_hal_tim.o
 .text.TIM_TI1_ConfigInputStage
                0x00000000080038b8       0x5e Drivers/STM32F4xx_HAL_Driver/Src/stm32f4xx_hal_tim.o
 .text.TIM_TI2_ConfigInputStage
                0x0000000008003916       0x60 Drivers/STM32F4xx_HAL_Driver/Src/stm32f4xx_hal_tim.o
 .text.TIM_ITRx_SetConfig
                0x0000000008003976       0x36 Drivers/STM32F4xx_HAL_Driver/Src/stm32f4xx_hal_tim.o
 .text.TIM_ETR_SetConfig
                0x00000000080039ac       0x40 Drivers/STM32F4xx_HAL_Driver/Src/stm32f4xx_hal_tim.o
                0x00000000080039ac                TIM_ETR_SetConfig
 .text.TIM_CCxChannelCmd
                0x00000000080039ec       0x4a Drivers/STM32F4xx_HAL_Driver/Src/stm32f4xx_hal_tim.o
                0x00000000080039ec                TIM_CCxChannelCmd
 *fill*         0x0000000008003a36        0x2 
 .text.HAL_TIMEx_MasterConfigSynchronization
                0x0000000008003a38       0xdc Drivers/STM32F4xx_HAL_Driver/Src/stm32f4xx_hal_tim_ex.o
                0x0000000008003a38                HAL_TIMEx_MasterConfigSynchronization
 .text.HAL_TIMEx_CommutCallback
                0x0000000008003b14       0x14 Drivers/STM32F4xx_HAL_Driver/Src/stm32f4xx_hal_tim_ex.o
                0x0000000008003b14                HAL_TIMEx_CommutCallback
 .text.HAL_TIMEx_BreakCallback
                0x0000000008003b28       0x14 Drivers/STM32F4xx_HAL_Driver/Src/stm32f4xx_hal_tim_ex.o
                0x0000000008003b28                HAL_TIMEx_BreakCallback
 .text.HAL_UART_Init
                0x0000000008003b3c       0x9a Drivers/STM32F4xx_HAL_Driver/Src/stm32f4xx_hal_uart.o
                0x0000000008003b3c                HAL_UART_Init
 .text.HAL_UART_Transmit
                0x0000000008003bd6      0x132 Drivers/STM32F4xx_HAL_Driver/Src/stm32f4xx_hal_uart.o
                0x0000000008003bd6                HAL_UART_Transmit
 .text.HAL_UART_Receive_IT
                0x0000000008003d08       0xaa Drivers/STM32F4xx_HAL_Driver/Src/stm32f4xx_hal_uart.o
                0x0000000008003d08                HAL_UART_Receive_IT
 *fill*         0x0000000008003db2        0x2 
 .text.HAL_UART_IRQHandler
                0x0000000008003db4      0x200 Drivers/STM32F4xx_HAL_Driver/Src/stm32f4xx_hal_uart.o
                0x0000000008003db4                HAL_UART_IRQHandler
 .text.HAL_UART_TxCpltCallback
                0x0000000008003fb4       0x14 Drivers/STM32F4xx_HAL_Driver/Src/stm32f4xx_hal_uart.o
                0x0000000008003fb4                HAL_UART_TxCpltCallback
 .text.HAL_UART_ErrorCallback
                0x0000000008003fc8       0x14 Drivers/STM32F4xx_HAL_Driver/Src/stm32f4xx_hal_uart.o
                0x0000000008003fc8                HAL_UART_ErrorCallback
 .text.UART_WaitOnFlagUntilTimeout
                0x0000000008003fdc       0x94 Drivers/STM32F4xx_HAL_Driver/Src/stm32f4xx_hal_uart.o
 .text.UART_EndRxTransfer
                0x0000000008004070       0x3c Drivers/STM32F4xx_HAL_Driver/Src/stm32f4xx_hal_uart.o
 .text.UART_DMAAbortOnError
                0x00000000080040ac       0x28 Drivers/STM32F4xx_HAL_Driver/Src/stm32f4xx_hal_uart.o
 .text.UART_Transmit_IT
                0x00000000080040d4       0xac Drivers/STM32F4xx_HAL_Driver/Src/stm32f4xx_hal_uart.o
 .text.UART_EndTransmit_IT
                0x0000000008004180       0x30 Drivers/STM32F4xx_HAL_Driver/Src/stm32f4xx_hal_uart.o
 .text.UART_Receive_IT
                0x00000000080041b0      0x102 Drivers/STM32F4xx_HAL_Driver/Src/stm32f4xx_hal_uart.o
 *fill*         0x00000000080042b2        0x2 
 .text.UART_SetConfig
                0x00000000080042b4      0x6f8 Drivers/STM32F4xx_HAL_Driver/Src/stm32f4xx_hal_uart.o
 .text.disk_status
                0x00000000080049ac       0x34 Middlewares/Third_Party/FatFs/src/diskio.o
                0x00000000080049ac                disk_status
 .text.disk_initialize
                0x00000000080049e0       0x4c Middlewares/Third_Party/FatFs/src/diskio.o
                0x00000000080049e0                disk_initialize
 .text.disk_read
                0x0000000008004a2c       0x40 Middlewares/Third_Party/FatFs/src/diskio.o
                0x0000000008004a2c                disk_read
 .text.disk_write
                0x0000000008004a6c       0x40 Middlewares/Third_Party/FatFs/src/diskio.o
                0x0000000008004a6c                disk_write
 .text.disk_ioctl
                0x0000000008004aac       0x3c Middlewares/Third_Party/FatFs/src/diskio.o
                0x0000000008004aac                disk_ioctl
 .text.ld_word  0x0000000008004ae8       0x30 Middlewares/Third_Party/FatFs/src/ff.o
 .text.ld_dword
                0x0000000008004b18       0x46 Middlewares/Third_Party/FatFs/src/ff.o
 .text.st_word  0x0000000008004b5e       0x36 Middlewares/Third_Party/FatFs/src/ff.o
 .text.st_dword
                0x0000000008004b94       0x58 Middlewares/Third_Party/FatFs/src/ff.o
 .text.mem_set  0x0000000008004bec       0x34 Middlewares/Third_Party/FatFs/src/ff.o
 .text.mem_cmp  0x0000000008004c20       0x4e Middlewares/Third_Party/FatFs/src/ff.o
 .text.chk_chr  0x0000000008004c6e       0x36 Middlewares/Third_Party/FatFs/src/ff.o
 .text.inc_lock
                0x0000000008004ca4      0x11c Middlewares/Third_Party/FatFs/src/ff.o
 .text.dec_lock
                0x0000000008004dc0       0x78 Middlewares/Third_Party/FatFs/src/ff.o
 .text.clear_lock
                0x0000000008004e38       0x48 Middlewares/Third_Party/FatFs/src/ff.o
 .text.sync_window
                0x0000000008004e80       0x88 Middlewares/Third_Party/FatFs/src/ff.o
 .text.move_window
                0x0000000008004f08       0x5a Middlewares/Third_Party/FatFs/src/ff.o
 .text.clust2sect
                0x0000000008004f62       0x3e Middlewares/Third_Party/FatFs/src/ff.o
 .text.get_fat  0x0000000008004fa0      0x1a0 Middlewares/Third_Party/FatFs/src/ff.o
 .text.put_fat  0x0000000008005140      0x22e Middlewares/Third_Party/FatFs/src/ff.o
 .text.create_chain
                0x000000000800536e      0x130 Middlewares/Third_Party/FatFs/src/ff.o
 .text.dir_sdi  0x000000000800549e      0x112 Middlewares/Third_Party/FatFs/src/ff.o
 .text.dir_next
                0x00000000080055b0      0x1ac Middlewares/Third_Party/FatFs/src/ff.o
 .text.ld_clust
                0x000000000800575c       0x3e Middlewares/Third_Party/FatFs/src/ff.o
 *fill*         0x000000000800579a        0x2 
 .text.cmp_lfn  0x000000000800579c       0xe0 Middlewares/Third_Party/FatFs/src/ff.o
 .text.pick_lfn
                0x000000000800587c       0xc8 Middlewares/Third_Party/FatFs/src/ff.o
 .text.sum_sfn  0x0000000008005944       0x42 Middlewares/Third_Party/FatFs/src/ff.o
 .text.dir_read
                0x0000000008005986      0x14e Middlewares/Third_Party/FatFs/src/ff.o
 .text.dir_find
                0x0000000008005ad4      0x180 Middlewares/Third_Party/FatFs/src/ff.o
 .text.get_fileinfo
                0x0000000008005c54      0x1d6 Middlewares/Third_Party/FatFs/src/ff.o
 .text.get_achar
                0x0000000008005e2a       0x9c Middlewares/Third_Party/FatFs/src/ff.o
 .text.pattern_matching
                0x0000000008005ec6       0xf6 Middlewares/Third_Party/FatFs/src/ff.o
 .text.create_name
                0x0000000008005fbc      0x404 Middlewares/Third_Party/FatFs/src/ff.o
 .text.follow_path
                0x00000000080063c0       0xec Middlewares/Third_Party/FatFs/src/ff.o
 .text.get_ldnumber
                0x00000000080064ac       0x88 Middlewares/Third_Party/FatFs/src/ff.o
 .text.check_fs
                0x0000000008006534       0xac Middlewares/Third_Party/FatFs/src/ff.o
 .text.find_volume
                0x00000000080065e0      0x510 Middlewares/Third_Party/FatFs/src/ff.o
 .text.validate
                0x0000000008006af0       0x6a Middlewares/Third_Party/FatFs/src/ff.o
 *fill*         0x0000000008006b5a        0x2 
 .text.f_mount  0x0000000008006b5c       0x8c Middlewares/Third_Party/FatFs/src/ff.o
                0x0000000008006b5c                f_mount
 .text.f_opendir
                0x0000000008006be8       0xe6 Middlewares/Third_Party/FatFs/src/ff.o
                0x0000000008006be8                f_opendir
 .text.f_closedir
                0x0000000008006cce       0x4c Middlewares/Third_Party/FatFs/src/ff.o
                0x0000000008006cce                f_closedir
 .text.f_readdir
                0x0000000008006d1a       0x7a Middlewares/Third_Party/FatFs/src/ff.o
                0x0000000008006d1a                f_readdir
 .text.f_findnext
                0x0000000008006d94       0x50 Middlewares/Third_Party/FatFs/src/ff.o
                0x0000000008006d94                f_findnext
 .text.f_findfirst
                0x0000000008006de4       0x3c Middlewares/Third_Party/FatFs/src/ff.o
                0x0000000008006de4                f_findfirst
 .text.f_getfree
                0x0000000008006e20      0x16a Middlewares/Third_Party/FatFs/src/ff.o
                0x0000000008006e20                f_getfree
 *fill*         0x0000000008006f8a        0x2 
 .text.FATFS_LinkDriverEx
                0x0000000008006f8c       0x98 Middlewares/Third_Party/FatFs/src/ff_gen_drv.o
                0x0000000008006f8c                FATFS_LinkDriverEx
 .text.FATFS_LinkDriver
                0x0000000008007024       0x1e Middlewares/Third_Party/FatFs/src/ff_gen_drv.o
                0x0000000008007024                FATFS_LinkDriver
 *fill*         0x0000000008007042        0x2 
 .text.ff_convert
                0x0000000008007044       0xc0 Middlewares/Third_Party/FatFs/src/option/cc949.o
                0x0000000008007044                ff_convert
 .text.ff_wtoupper
                0x0000000008007104      0x114 Middlewares/Third_Party/FatFs/src/option/cc949.o
                0x0000000008007104                ff_wtoupper
 .text.MX_FATFS_Init
                0x0000000008007218       0x24 Src/fatfs.o
                0x0000000008007218                MX_FATFS_Init
 .text.SELECT   0x000000000800723c       0x20 Src/fatfs_sd.o
 .text.DESELECT
                0x000000000800725c       0x20 Src/fatfs_sd.o
 .text.SPI_TxByte
                0x000000000800727c       0x34 Src/fatfs_sd.o
 .text.SPI_TxBuffer
                0x00000000080072b0       0x34 Src/fatfs_sd.o
 .text.SPI_RxByte
                0x00000000080072e4       0x38 Src/fatfs_sd.o
 .text.SPI_RxBytePtr
                0x000000000800731c       0x1c Src/fatfs_sd.o
 .text.SD_ReadyWait
                0x0000000008007338       0x34 Src/fatfs_sd.o
 .text.SD_PowerOn
                0x000000000800736c       0x84 Src/fatfs_sd.o
 .text.SD_PowerOff
                0x00000000080073f0       0x18 Src/fatfs_sd.o
 .text.SD_CheckPower
                0x0000000008007408       0x18 Src/fatfs_sd.o
 .text.SD_RxDataBlock
                0x0000000008007420       0x5c Src/fatfs_sd.o
 .text.SD_TxDataBlock
                0x000000000800747c       0x86 Src/fatfs_sd.o
 .text.SD_SendCmd
                0x0000000008007502       0xa8 Src/fatfs_sd.o
 *fill*         0x00000000080075aa        0x2 
 .text.SD_disk_initialize
                0x00000000080075ac      0x1cc Src/fatfs_sd.o
                0x00000000080075ac                SD_disk_initialize
 .text.SD_disk_status
                0x0000000008007778       0x2c Src/fatfs_sd.o
                0x0000000008007778                SD_disk_status
 .text.SD_disk_read
                0x00000000080077a4       0xd4 Src/fatfs_sd.o
                0x00000000080077a4                SD_disk_read
 .text.SD_disk_write
                0x0000000008007878      0x108 Src/fatfs_sd.o
                0x0000000008007878                SD_disk_write
 .text.SD_disk_ioctl
                0x0000000008007980      0x254 Src/fatfs_sd.o
                0x0000000008007980                SD_disk_ioctl
 .text.transmit_uart
                0x0000000008007bd4       0x2c Src/main.o
                0x0000000008007bd4                transmit_uart
 .text.HAL_UART_RxCpltCallback
                0x0000000008007c00      0x210 Src/main.o
                0x0000000008007c00                HAL_UART_RxCpltCallback
 .text.main     0x0000000008007e10      0x22c Src/main.o
                0x0000000008007e10                main
 .text.SystemClock_Config
                0x000000000800803c       0xd8 Src/main.o
 .text.MX_GPIO_Init
                0x0000000008008114      0x1f4 Src/main.o
 .text.MX_USART2_UART_Init
                0x0000000008008308       0x54 Src/main.o
 .text.MX_USART6_UART_Init
                0x000000000800835c       0x64 Src/main.o
 .text.MX_TIM3_Init
                0x00000000080083c0       0xa4 Src/main.o
 .text.HAL_TIM_PeriodElapsedCallback
                0x0000000008008464       0xd0 Src/main.o
                0x0000000008008464                HAL_TIM_PeriodElapsedCallback
 .text.Error_Handler
                0x0000000008008534       0xb8 Src/main.o
                0x0000000008008534                Error_Handler
 .text.microSD_init
                0x00000000080085ec       0xec Src/microSD.o
                0x00000000080085ec                microSD_init
 .text.transmit_uart_SD
                0x00000000080086d8       0x2c Src/microSD.o
                0x00000000080086d8                transmit_uart_SD
 .text.check_microSD_conn
                0x0000000008008704       0x20 Src/microSD.o
                0x0000000008008704                check_microSD_conn
 .text.mount_sd
                0x0000000008008724       0x5c Src/microSD.o
                0x0000000008008724                mount_sd
 .text.unmount_sd
                0x0000000008008780       0x60 Src/microSD.o
                0x0000000008008780                unmount_sd
 .text.get_freespace
                0x00000000080087e0       0xf4 Src/microSD.o
                0x00000000080087e0                get_freespace
 .text.find_file
                0x00000000080088d4      0x1b0 Src/microSD.o
                0x00000000080088d4                find_file
 .text.chk_microSD
                0x0000000008008a84       0x2c Src/microSD.o
                0x0000000008008a84                chk_microSD
 .text.HAL_MspInit
                0x0000000008008ab0       0x50 Src/stm32f4xx_hal_msp.o
                0x0000000008008ab0                HAL_MspInit
 .text.HAL_TIM_Base_MspInit
                0x0000000008008b00       0x50 Src/stm32f4xx_hal_msp.o
                0x0000000008008b00                HAL_TIM_Base_MspInit
 .text.HAL_TIM_PWM_MspInit
                0x0000000008008b50       0x14 Src/stm32f4xx_hal_msp.o
                0x0000000008008b50                HAL_TIM_PWM_MspInit
 .text.HAL_UART_MspInit
                0x0000000008008b64       0xfc Src/stm32f4xx_hal_msp.o
                0x0000000008008b64                HAL_UART_MspInit
 .text.HAL_SPI_MspInit
                0x0000000008008c60       0xd0 Src/stm32f4xx_hal_msp.o
                0x0000000008008c60                HAL_SPI_MspInit
 .text.NMI_Handler
                0x0000000008008d30        0xe Src/stm32f4xx_it.o
                0x0000000008008d30                NMI_Handler
 .text.HardFault_Handler
                0x0000000008008d3e        0x6 Src/stm32f4xx_it.o
                0x0000000008008d3e                HardFault_Handler
 .text.MemManage_Handler
                0x0000000008008d44        0x6 Src/stm32f4xx_it.o
                0x0000000008008d44                MemManage_Handler
 .text.BusFault_Handler
                0x0000000008008d4a        0x6 Src/stm32f4xx_it.o
                0x0000000008008d4a                BusFault_Handler
 .text.UsageFault_Handler
                0x0000000008008d50        0x6 Src/stm32f4xx_it.o
                0x0000000008008d50                UsageFault_Handler
 .text.SVC_Handler
                0x0000000008008d56        0xe Src/stm32f4xx_it.o
                0x0000000008008d56                SVC_Handler
 .text.DebugMon_Handler
                0x0000000008008d64        0xe Src/stm32f4xx_it.o
                0x0000000008008d64                DebugMon_Handler
 .text.PendSV_Handler
                0x0000000008008d72        0xe Src/stm32f4xx_it.o
                0x0000000008008d72                PendSV_Handler
 .text.SysTick_Handler
                0x0000000008008d80       0x40 Src/stm32f4xx_it.o
                0x0000000008008d80                SysTick_Handler
 .text.TIM3_IRQHandler
                0x0000000008008dc0       0x14 Src/stm32f4xx_it.o
                0x0000000008008dc0                TIM3_IRQHandler
 .text.USART6_IRQHandler
                0x0000000008008dd4       0x14 Src/stm32f4xx_it.o
                0x0000000008008dd4                USART6_IRQHandler
 .text._sbrk    0x0000000008008de8       0x58 Src/sysmem.o
                0x0000000008008de8                _sbrk
 .text.SystemInit
                0x0000000008008e40       0x6c Src/system_stm32f4xx.o
                0x0000000008008e40                SystemInit
 .text.tm1637Init
                0x0000000008008eac       0x94 Src/tm1637_.o
                0x0000000008008eac                tm1637Init
 .text.tm1637DisplayTime
                0x0000000008008f40      0x128 Src/tm1637_.o
                0x0000000008008f40                tm1637DisplayTime
 .text.tm1637SetBrightness
                0x0000000008009068       0x2a Src/tm1637_.o
                0x0000000008009068                tm1637SetBrightness
 .text._tm1637Start
                0x0000000008009092       0x1a Src/tm1637_.o
                0x0000000008009092                _tm1637Start
 .text._tm1637Stop
                0x00000000080090ac       0x2a Src/tm1637_.o
                0x00000000080090ac                _tm1637Stop
 .text._tm1637ReadResult
                0x00000000080090d6       0x20 Src/tm1637_.o
                0x00000000080090d6                _tm1637ReadResult
 .text._tm1637WriteByte
                0x00000000080090f6       0x52 Src/tm1637_.o
                0x00000000080090f6                _tm1637WriteByte
 .text._tm1637DelayUsec
                0x0000000008009148       0x34 Src/tm1637_.o
                0x0000000008009148                _tm1637DelayUsec
 .text._tm1637ClkHigh
                0x000000000800917c       0x18 Src/tm1637_.o
                0x000000000800917c                _tm1637ClkHigh
 .text._tm1637ClkLow
                0x0000000008009194       0x18 Src/tm1637_.o
                0x0000000008009194                _tm1637ClkLow
 .text._tm1637DioHigh
                0x00000000080091ac       0x18 Src/tm1637_.o
                0x00000000080091ac                _tm1637DioHigh
 .text._tm1637DioLow
                0x00000000080091c4       0x18 Src/tm1637_.o
                0x00000000080091c4                _tm1637DioLow
 .text.USER_initialize
                0x00000000080091dc       0x1c Src/user_diskio.o
                0x00000000080091dc                USER_initialize
 .text.USER_status
                0x00000000080091f8       0x1c Src/user_diskio.o
                0x00000000080091f8                USER_status
 .text.USER_read
                0x0000000008009214       0x26 Src/user_diskio.o
                0x0000000008009214                USER_read
 .text.USER_write
                0x000000000800923a       0x26 Src/user_diskio.o
                0x000000000800923a                USER_write
 .text.USER_ioctl
                0x0000000008009260       0x26 Src/user_diskio.o
                0x0000000008009260                USER_ioctl
 *fill*         0x0000000008009286        0x2 
 .text.pulse    0x0000000008009288       0x68 Src/w2812b.o
                0x0000000008009288                pulse
 .text.pulse_red
                0x00000000080092f0       0x68 Src/w2812b.o
                0x00000000080092f0                pulse_red
 .text.pulse_orange
                0x0000000008009358       0x68 Src/w2812b.o
                0x0000000008009358                pulse_orange
 .text.pulse_blue
                0x00000000080093c0       0x68 Src/w2812b.o
                0x00000000080093c0                pulse_blue
 .text.pulse_purple
                0x0000000008009428       0x68 Src/w2812b.o
                0x0000000008009428                pulse_purple
 .text.LED_set_color_all
                0x0000000008009490       0x64 Src/w2812b.o
                0x0000000008009490                LED_set_color_all
 .text.set_LED_colors
                0x00000000080094f4       0x64 Src/w2812b.o
                0x00000000080094f4                set_LED_colors
 .text.write_PWM_data
                0x0000000008009558       0xd8 Src/w2812b.o
                0x0000000008009558                write_PWM_data
 .text.LED_reset_pulse
                0x0000000008009630      0x12c Src/w2812b.o
                0x0000000008009630                LED_reset_pulse
 .text.led_is_update_finished
                0x000000000800975c       0x24 Src/w2812b.o
                0x000000000800975c                led_is_update_finished
 .text.LED_update
                0x0000000008009780       0x44 Src/w2812b.o
                0x0000000008009780                LED_update
 .text.led_update_sequence
                0x00000000080097c4      0x1e8 Src/w2812b.o
                0x00000000080097c4                led_update_sequence
 .text.DMA1_Stream5_IRQHandler
                0x00000000080099ac      0x1b0 Src/w2812b.o
                0x00000000080099ac                DMA1_Stream5_IRQHandler
 .text.LED_Init
                0x0000000008009b5c      0x1a8 Src/w2812b.o
                0x0000000008009b5c                LED_Init
 .text.Reset_Handler
                0x0000000008009d04       0x50 Startup/startup_stm32f411retx.o
                0x0000000008009d04                Reset_Handler
 .text.Default_Handler
                0x0000000008009d54        0x2 Startup/startup_stm32f411retx.o
                0x0000000008009d54                RTC_Alarm_IRQHandler
                0x0000000008009d54                EXTI2_IRQHandler
                0x0000000008009d54                SPI4_IRQHandler
                0x0000000008009d54                TIM1_CC_IRQHandler
                0x0000000008009d54                DMA2_Stream5_IRQHandler
                0x0000000008009d54                PVD_IRQHandler
                0x0000000008009d54                SDIO_IRQHandler
                0x0000000008009d54                TAMP_STAMP_IRQHandler
                0x0000000008009d54                EXTI3_IRQHandler
                0x0000000008009d54                TIM1_UP_TIM10_IRQHandler
                0x0000000008009d54                I2C3_ER_IRQHandler
                0x0000000008009d54                EXTI0_IRQHandler
                0x0000000008009d54                I2C2_EV_IRQHandler
                0x0000000008009d54                DMA1_Stream2_IRQHandler
                0x0000000008009d54                FPU_IRQHandler
                0x0000000008009d54                DMA2_Stream2_IRQHandler
                0x0000000008009d54                SPI1_IRQHandler
                0x0000000008009d54                TIM1_BRK_TIM9_IRQHandler
                0x0000000008009d54                DMA2_Stream3_IRQHandler
                0x0000000008009d54                DMA2_Stream0_IRQHandler
                0x0000000008009d54                TIM4_IRQHandler
                0x0000000008009d54                I2C1_EV_IRQHandler
                0x0000000008009d54                DMA1_Stream6_IRQHandler
                0x0000000008009d54                DMA1_Stream1_IRQHandler
                0x0000000008009d54                RCC_IRQHandler
                0x0000000008009d54                Default_Handler
                0x0000000008009d54                EXTI15_10_IRQHandler
                0x0000000008009d54                ADC_IRQHandler
                0x0000000008009d54                DMA1_Stream7_IRQHandler
                0x0000000008009d54                SPI5_IRQHandler
                0x0000000008009d54                TIM5_IRQHandler
                0x0000000008009d54                DMA2_Stream7_IRQHandler
                0x0000000008009d54                I2C3_EV_IRQHandler
                0x0000000008009d54                EXTI9_5_IRQHandler
                0x0000000008009d54                RTC_WKUP_IRQHandler
                0x0000000008009d54                SPI2_IRQHandler
                0x0000000008009d54                DMA1_Stream0_IRQHandler
                0x0000000008009d54                EXTI4_IRQHandler
                0x0000000008009d54                WWDG_IRQHandler
                0x0000000008009d54                TIM2_IRQHandler
                0x0000000008009d54                OTG_FS_WKUP_IRQHandler
                0x0000000008009d54                TIM1_TRG_COM_TIM11_IRQHandler
                0x0000000008009d54                EXTI1_IRQHandler
                0x0000000008009d54                USART2_IRQHandler
                0x0000000008009d54                I2C2_ER_IRQHandler
                0x0000000008009d54                DMA2_Stream1_IRQHandler
                0x0000000008009d54                FLASH_IRQHandler
                0x0000000008009d54                DMA2_Stream4_IRQHandler
                0x0000000008009d54                USART1_IRQHandler
                0x0000000008009d54                OTG_FS_IRQHandler
                0x0000000008009d54                SPI3_IRQHandler
                0x0000000008009d54                DMA1_Stream4_IRQHandler
                0x0000000008009d54                I2C1_ER_IRQHandler
                0x0000000008009d54                DMA2_Stream6_IRQHandler
                0x0000000008009d54                DMA1_Stream3_IRQHandler
 *fill*         0x0000000008009d56        0x2 
 .text.__errno  0x0000000008009d58        0xc c:/st/stm32cubeide_1.3.0/stm32cubeide/plugins/com.st.stm32cube.ide.mcu.externaltools.gnu-tools-for-stm32.7-2018-q2-update.win32_1.0.0.201904181610/tools/bin/../lib/gcc/arm-none-eabi/7.3.1/../../../../arm-none-eabi/lib/thumb/v7e-m/fpv4-sp/hard\libc_nano.a(lib_a-errno.o)
                0x0000000008009d58                __errno
 .text.__libc_init_array
                0x0000000008009d64       0x48 c:/st/stm32cubeide_1.3.0/stm32cubeide/plugins/com.st.stm32cube.ide.mcu.externaltools.gnu-tools-for-stm32.7-2018-q2-update.win32_1.0.0.201904181610/tools/bin/../lib/gcc/arm-none-eabi/7.3.1/../../../../arm-none-eabi/lib/thumb/v7e-m/fpv4-sp/hard\libc_nano.a(lib_a-init.o)
                0x0000000008009d64                __libc_init_array
 .text.malloc   0x0000000008009dac       0x10 c:/st/stm32cubeide_1.3.0/stm32cubeide/plugins/com.st.stm32cube.ide.mcu.externaltools.gnu-tools-for-stm32.7-2018-q2-update.win32_1.0.0.201904181610/tools/bin/../lib/gcc/arm-none-eabi/7.3.1/../../../../arm-none-eabi/lib/thumb/v7e-m/fpv4-sp/hard\libc_nano.a(lib_a-malloc.o)
                0x0000000008009dac                malloc
 .text.free     0x0000000008009dbc       0x10 c:/st/stm32cubeide_1.3.0/stm32cubeide/plugins/com.st.stm32cube.ide.mcu.externaltools.gnu-tools-for-stm32.7-2018-q2-update.win32_1.0.0.201904181610/tools/bin/../lib/gcc/arm-none-eabi/7.3.1/../../../../arm-none-eabi/lib/thumb/v7e-m/fpv4-sp/hard\libc_nano.a(lib_a-malloc.o)
                0x0000000008009dbc                free
 .text.memset   0x0000000008009dcc       0x10 c:/st/stm32cubeide_1.3.0/stm32cubeide/plugins/com.st.stm32cube.ide.mcu.externaltools.gnu-tools-for-stm32.7-2018-q2-update.win32_1.0.0.201904181610/tools/bin/../lib/gcc/arm-none-eabi/7.3.1/../../../../arm-none-eabi/lib/thumb/v7e-m/fpv4-sp/hard\libc_nano.a(lib_a-memset.o)
                0x0000000008009dcc                memset
 .text._free_r  0x0000000008009ddc       0x9c c:/st/stm32cubeide_1.3.0/stm32cubeide/plugins/com.st.stm32cube.ide.mcu.externaltools.gnu-tools-for-stm32.7-2018-q2-update.win32_1.0.0.201904181610/tools/bin/../lib/gcc/arm-none-eabi/7.3.1/../../../../arm-none-eabi/lib/thumb/v7e-m/fpv4-sp/hard\libc_nano.a(lib_a-nano-freer.o)
                0x0000000008009ddc                _free_r
 .text._malloc_r
                0x0000000008009e78       0xb4 c:/st/stm32cubeide_1.3.0/stm32cubeide/plugins/com.st.stm32cube.ide.mcu.externaltools.gnu-tools-for-stm32.7-2018-q2-update.win32_1.0.0.201904181610/tools/bin/../lib/gcc/arm-none-eabi/7.3.1/../../../../arm-none-eabi/lib/thumb/v7e-m/fpv4-sp/hard\libc_nano.a(lib_a-nano-mallocr.o)
                0x0000000008009e78                _malloc_r
 .text._sbrk_r  0x0000000008009f2c       0x20 c:/st/stm32cubeide_1.3.0/stm32cubeide/plugins/com.st.stm32cube.ide.mcu.externaltools.gnu-tools-for-stm32.7-2018-q2-update.win32_1.0.0.201904181610/tools/bin/../lib/gcc/arm-none-eabi/7.3.1/../../../../arm-none-eabi/lib/thumb/v7e-m/fpv4-sp/hard\libc_nano.a(lib_a-sbrkr.o)
                0x0000000008009f2c                _sbrk_r
 .text.sprintf  0x0000000008009f4c       0x40 c:/st/stm32cubeide_1.3.0/stm32cubeide/plugins/com.st.stm32cube.ide.mcu.externaltools.gnu-tools-for-stm32.7-2018-q2-update.win32_1.0.0.201904181610/tools/bin/../lib/gcc/arm-none-eabi/7.3.1/../../../../arm-none-eabi/lib/thumb/v7e-m/fpv4-sp/hard\libc_nano.a(lib_a-sprintf.o)
                0x0000000008009f4c                siprintf
                0x0000000008009f4c                sprintf
 .text.__malloc_lock
                0x0000000008009f8c        0x2 c:/st/stm32cubeide_1.3.0/stm32cubeide/plugins/com.st.stm32cube.ide.mcu.externaltools.gnu-tools-for-stm32.7-2018-q2-update.win32_1.0.0.201904181610/tools/bin/../lib/gcc/arm-none-eabi/7.3.1/../../../../arm-none-eabi/lib/thumb/v7e-m/fpv4-sp/hard\libc_nano.a(lib_a-mlock.o)
                0x0000000008009f8c                __malloc_lock
 .text.__malloc_unlock
                0x0000000008009f8e        0x2 c:/st/stm32cubeide_1.3.0/stm32cubeide/plugins/com.st.stm32cube.ide.mcu.externaltools.gnu-tools-for-stm32.7-2018-q2-update.win32_1.0.0.201904181610/tools/bin/../lib/gcc/arm-none-eabi/7.3.1/../../../../arm-none-eabi/lib/thumb/v7e-m/fpv4-sp/hard\libc_nano.a(lib_a-mlock.o)
                0x0000000008009f8e                __malloc_unlock
 .text.__ssputs_r
                0x0000000008009f90       0xb4 c:/st/stm32cubeide_1.3.0/stm32cubeide/plugins/com.st.stm32cube.ide.mcu.externaltools.gnu-tools-for-stm32.7-2018-q2-update.win32_1.0.0.201904181610/tools/bin/../lib/gcc/arm-none-eabi/7.3.1/../../../../arm-none-eabi/lib/thumb/v7e-m/fpv4-sp/hard\libc_nano.a(lib_a-nano-svfprintf.o)
                0x0000000008009f90                __ssputs_r
 .text._svfprintf_r
                0x000000000800a044      0x1f0 c:/st/stm32cubeide_1.3.0/stm32cubeide/plugins/com.st.stm32cube.ide.mcu.externaltools.gnu-tools-for-stm32.7-2018-q2-update.win32_1.0.0.201904181610/tools/bin/../lib/gcc/arm-none-eabi/7.3.1/../../../../arm-none-eabi/lib/thumb/v7e-m/fpv4-sp/hard\libc_nano.a(lib_a-nano-svfprintf.o)
                0x000000000800a044                _svfiprintf_r
                0x000000000800a044                _svfprintf_r
 .text._printf_common
                0x000000000800a234       0xea c:/st/stm32cubeide_1.3.0/stm32cubeide/plugins/com.st.stm32cube.ide.mcu.externaltools.gnu-tools-for-stm32.7-2018-q2-update.win32_1.0.0.201904181610/tools/bin/../lib/gcc/arm-none-eabi/7.3.1/../../../../arm-none-eabi/lib/thumb/v7e-m/fpv4-sp/hard\libc_nano.a(lib_a-nano-vfprintf_i.o)
                0x000000000800a234                _printf_common
 *fill*         0x000000000800a31e        0x2 
 .text._printf_i
                0x000000000800a320      0x224 c:/st/stm32cubeide_1.3.0/stm32cubeide/plugins/com.st.stm32cube.ide.mcu.externaltools.gnu-tools-for-stm32.7-2018-q2-update.win32_1.0.0.201904181610/tools/bin/../lib/gcc/arm-none-eabi/7.3.1/../../../../arm-none-eabi/lib/thumb/v7e-m/fpv4-sp/hard\libc_nano.a(lib_a-nano-vfprintf_i.o)
                0x000000000800a320                _printf_i
 .text.memcpy   0x000000000800a544       0x16 c:/st/stm32cubeide_1.3.0/stm32cubeide/plugins/com.st.stm32cube.ide.mcu.externaltools.gnu-tools-for-stm32.7-2018-q2-update.win32_1.0.0.201904181610/tools/bin/../lib/gcc/arm-none-eabi/7.3.1/../../../../arm-none-eabi/lib/thumb/v7e-m/fpv4-sp/hard\libc_nano.a(lib_a-memcpy-stub.o)
                0x000000000800a544                memcpy
 .text.memmove  0x000000000800a55a       0x32 c:/st/stm32cubeide_1.3.0/stm32cubeide/plugins/com.st.stm32cube.ide.mcu.externaltools.gnu-tools-for-stm32.7-2018-q2-update.win32_1.0.0.201904181610/tools/bin/../lib/gcc/arm-none-eabi/7.3.1/../../../../arm-none-eabi/lib/thumb/v7e-m/fpv4-sp/hard\libc_nano.a(lib_a-memmove.o)
                0x000000000800a55a                memmove
 .text._realloc_r
                0x000000000800a58c       0x4c c:/st/stm32cubeide_1.3.0/stm32cubeide/plugins/com.st.stm32cube.ide.mcu.externaltools.gnu-tools-for-stm32.7-2018-q2-update.win32_1.0.0.201904181610/tools/bin/../lib/gcc/arm-none-eabi/7.3.1/../../../../arm-none-eabi/lib/thumb/v7e-m/fpv4-sp/hard\libc_nano.a(lib_a-nano-reallocr.o)
                0x000000000800a58c                _realloc_r
 .text._malloc_usable_size_r
                0x000000000800a5d8       0x10 c:/st/stm32cubeide_1.3.0/stm32cubeide/plugins/com.st.stm32cube.ide.mcu.externaltools.gnu-tools-for-stm32.7-2018-q2-update.win32_1.0.0.201904181610/tools/bin/../lib/gcc/arm-none-eabi/7.3.1/../../../../arm-none-eabi/lib/thumb/v7e-m/fpv4-sp/hard\libc_nano.a(lib_a-nano-msizer.o)
                0x000000000800a5d8                _malloc_usable_size_r
 *(.glue_7)
 .glue_7        0x000000000800a5e8        0x0 linker stubs
 *(.glue_7t)
 .glue_7t       0x000000000800a5e8        0x0 linker stubs
 *(.eh_frame)
 .eh_frame      0x000000000800a5e8        0x0 c:/st/stm32cubeide_1.3.0/stm32cubeide/plugins/com.st.stm32cube.ide.mcu.externaltools.gnu-tools-for-stm32.7-2018-q2-update.win32_1.0.0.201904181610/tools/bin/../lib/gcc/arm-none-eabi/7.3.1/thumb/v7e-m/fpv4-sp/hard/crtbegin.o
 *(.init)
 .init          0x000000000800a5e8        0x4 c:/st/stm32cubeide_1.3.0/stm32cubeide/plugins/com.st.stm32cube.ide.mcu.externaltools.gnu-tools-for-stm32.7-2018-q2-update.win32_1.0.0.201904181610/tools/bin/../lib/gcc/arm-none-eabi/7.3.1/thumb/v7e-m/fpv4-sp/hard/crti.o
                0x000000000800a5e8                _init
 .init          0x000000000800a5ec        0x8 c:/st/stm32cubeide_1.3.0/stm32cubeide/plugins/com.st.stm32cube.ide.mcu.externaltools.gnu-tools-for-stm32.7-2018-q2-update.win32_1.0.0.201904181610/tools/bin/../lib/gcc/arm-none-eabi/7.3.1/thumb/v7e-m/fpv4-sp/hard/crtn.o
 *(.fini)
 .fini          0x000000000800a5f4        0x4 c:/st/stm32cubeide_1.3.0/stm32cubeide/plugins/com.st.stm32cube.ide.mcu.externaltools.gnu-tools-for-stm32.7-2018-q2-update.win32_1.0.0.201904181610/tools/bin/../lib/gcc/arm-none-eabi/7.3.1/thumb/v7e-m/fpv4-sp/hard/crti.o
                0x000000000800a5f4                _fini
 .fini          0x000000000800a5f8        0x8 c:/st/stm32cubeide_1.3.0/stm32cubeide/plugins/com.st.stm32cube.ide.mcu.externaltools.gnu-tools-for-stm32.7-2018-q2-update.win32_1.0.0.201904181610/tools/bin/../lib/gcc/arm-none-eabi/7.3.1/thumb/v7e-m/fpv4-sp/hard/crtn.o
                0x000000000800a600                . = ALIGN (0x4)
                0x000000000800a600                _etext = .

.vfp11_veneer   0x000000000800a600        0x0
 .vfp11_veneer  0x000000000800a600        0x0 linker stubs

.v4_bx          0x000000000800a600        0x0
 .v4_bx         0x000000000800a600        0x0 linker stubs

.iplt           0x000000000800a600        0x0
 .iplt          0x000000000800a600        0x0 c:/st/stm32cubeide_1.3.0/stm32cubeide/plugins/com.st.stm32cube.ide.mcu.externaltools.gnu-tools-for-stm32.7-2018-q2-update.win32_1.0.0.201904181610/tools/bin/../lib/gcc/arm-none-eabi/7.3.1/thumb/v7e-m/fpv4-sp/hard/crtbegin.o

.rodata         0x000000000800a600    0x21bd4
                0x000000000800a600                . = ALIGN (0x4)
 *(.rodata)
 .rodata        0x000000000800a600       0x48 Middlewares/Third_Party/FatFs/src/ff.o
 .rodata        0x000000000800a648      0x106 Src/main.o
 *fill*         0x000000000800a74e        0x2 
 .rodata        0x000000000800a750      0x296 Src/microSD.o
 *(.rodata*)
 *fill*         0x000000000800a9e6        0x2 
 .rodata.flagBitshiftOffset.8043
                0x000000000800a9e8        0x8 Drivers/STM32F4xx_HAL_Driver/Src/stm32f4xx_hal_dma.o
 .rodata.LfnOfs
                0x000000000800a9f0        0xd Middlewares/Third_Party/FatFs/src/ff.o
 *fill*         0x000000000800a9fd        0x3 
 .rodata.uni2oem
                0x000000000800aa00    0x10a64 Middlewares/Third_Party/FatFs/src/option/cc949.o
 .rodata.oem2uni
                0x000000000801b464    0x10a64 Middlewares/Third_Party/FatFs/src/option/cc949.o
 .rodata.cvt1.8752
                0x000000000802bec8      0x1f2 Middlewares/Third_Party/FatFs/src/option/cc949.o
 *fill*         0x000000000802c0ba        0x2 
 .rodata.cvt2.8753
                0x000000000802c0bc       0xbc Middlewares/Third_Party/FatFs/src/option/cc949.o
 .rodata.AHBPrescTable
                0x000000000802c178       0x10 Src/system_stm32f4xx.o
                0x000000000802c178                AHBPrescTable
 .rodata.APBPrescTable
                0x000000000802c188        0x8 Src/system_stm32f4xx.o
                0x000000000802c188                APBPrescTable
 .rodata.segmentMap
                0x000000000802c190       0x11 Src/tm1637_.o
                0x000000000802c190                segmentMap
 .rodata._svfprintf_r.str1.1
                0x000000000802c1a1       0x11 c:/st/stm32cubeide_1.3.0/stm32cubeide/plugins/com.st.stm32cube.ide.mcu.externaltools.gnu-tools-for-stm32.7-2018-q2-update.win32_1.0.0.201904181610/tools/bin/../lib/gcc/arm-none-eabi/7.3.1/../../../../arm-none-eabi/lib/thumb/v7e-m/fpv4-sp/hard\libc_nano.a(lib_a-nano-svfprintf.o)
 .rodata._printf_i.str1.1
                0x000000000802c1b2       0x22 c:/st/stm32cubeide_1.3.0/stm32cubeide/plugins/com.st.stm32cube.ide.mcu.externaltools.gnu-tools-for-stm32.7-2018-q2-update.win32_1.0.0.201904181610/tools/bin/../lib/gcc/arm-none-eabi/7.3.1/../../../../arm-none-eabi/lib/thumb/v7e-m/fpv4-sp/hard\libc_nano.a(lib_a-nano-vfprintf_i.o)
                0x000000000802c1d4                . = ALIGN (0x4)

.ARM.extab      0x000000000802c1d4        0x0
                0x000000000802c1d4                . = ALIGN (0x4)
 *(.ARM.extab* .gnu.linkonce.armextab.*)
                0x000000000802c1d4                . = ALIGN (0x4)

.ARM            0x000000000802c1d4        0x8
                0x000000000802c1d4                . = ALIGN (0x4)
                0x000000000802c1d4                __exidx_start = .
 *(.ARM.exidx*)
 .ARM.exidx     0x000000000802c1d4        0x8 c:/st/stm32cubeide_1.3.0/stm32cubeide/plugins/com.st.stm32cube.ide.mcu.externaltools.gnu-tools-for-stm32.7-2018-q2-update.win32_1.0.0.201904181610/tools/bin/../lib/gcc/arm-none-eabi/7.3.1/thumb/v7e-m/fpv4-sp/hard\libgcc.a(_udivmoddi4.o)
                0x000000000802c1dc                __exidx_end = .
                0x000000000802c1dc                . = ALIGN (0x4)

.rel.dyn        0x000000000802c1dc        0x0
 .rel.iplt      0x000000000802c1dc        0x0 c:/st/stm32cubeide_1.3.0/stm32cubeide/plugins/com.st.stm32cube.ide.mcu.externaltools.gnu-tools-for-stm32.7-2018-q2-update.win32_1.0.0.201904181610/tools/bin/../lib/gcc/arm-none-eabi/7.3.1/thumb/v7e-m/fpv4-sp/hard/crtbegin.o

.preinit_array  0x000000000802c1dc        0x0
                0x000000000802c1dc                . = ALIGN (0x4)
                0x000000000802c1dc                PROVIDE (__preinit_array_start = .)
 *(.preinit_array*)
                0x000000000802c1dc                PROVIDE (__preinit_array_end = .)
                0x000000000802c1dc                . = ALIGN (0x4)

.init_array     0x000000000802c1dc        0x4
                0x000000000802c1dc                . = ALIGN (0x4)
                0x000000000802c1dc                PROVIDE (__init_array_start = .)
 *(SORT_BY_NAME(.init_array.*))
 *(.init_array*)
 .init_array    0x000000000802c1dc        0x4 c:/st/stm32cubeide_1.3.0/stm32cubeide/plugins/com.st.stm32cube.ide.mcu.externaltools.gnu-tools-for-stm32.7-2018-q2-update.win32_1.0.0.201904181610/tools/bin/../lib/gcc/arm-none-eabi/7.3.1/thumb/v7e-m/fpv4-sp/hard/crtbegin.o
                0x000000000802c1e0                PROVIDE (__init_array_end = .)
                0x000000000802c1e0                . = ALIGN (0x4)

.fini_array     0x000000000802c1e0        0x4
                0x000000000802c1e0                . = ALIGN (0x4)
                [!provide]                        PROVIDE (__fini_array_start = .)
 *(SORT_BY_NAME(.fini_array.*))
 *(.fini_array*)
 .fini_array    0x000000000802c1e0        0x4 c:/st/stm32cubeide_1.3.0/stm32cubeide/plugins/com.st.stm32cube.ide.mcu.externaltools.gnu-tools-for-stm32.7-2018-q2-update.win32_1.0.0.201904181610/tools/bin/../lib/gcc/arm-none-eabi/7.3.1/thumb/v7e-m/fpv4-sp/hard/crtbegin.o
                [!provide]                        PROVIDE (__fini_array_end = .)
                0x000000000802c1e4                . = ALIGN (0x4)
                0x000000000802c1e4                _sidata = LOADADDR (.data)

.data           0x0000000020000000       0xc8 load address 0x000000000802c1e4
                0x0000000020000000                . = ALIGN (0x4)
                0x0000000020000000                _sdata = .
 *(.data)
 *(.data*)
 .data.uwTickPrio
                0x0000000020000000        0x4 Drivers/STM32F4xx_HAL_Driver/Src/stm32f4xx_hal.o
                0x0000000020000000                uwTickPrio
 .data.uwTickFreq
                0x0000000020000004        0x1 Drivers/STM32F4xx_HAL_Driver/Src/stm32f4xx_hal.o
                0x0000000020000004                uwTickFreq
 .data.Stat     0x0000000020000005        0x1 Src/fatfs_sd.o
 *fill*         0x0000000020000006        0x2 
 .data.min_time
                0x0000000020000008        0x4 Src/main.o
                0x0000000020000008                min_time
 .data.end_dur  0x000000002000000c        0x4 Src/main.o
                0x000000002000000c                end_dur
 .data.lock_pin_arr
                0x0000000020000010       0x14 Src/main.o
                0x0000000020000010                lock_pin_arr
 .data.lock_port_arr
                0x0000000020000024       0x28 Src/main.o
                0x0000000020000024                lock_port_arr
 .data.SystemCoreClock
                0x000000002000004c        0x4 Src/system_stm32f4xx.o
                0x000000002000004c                SystemCoreClock
 .data.USER_Driver
                0x0000000020000050       0x14 Src/user_diskio.o
                0x0000000020000050                USER_Driver
 .data._impure_ptr
                0x0000000020000064        0x4 c:/st/stm32cubeide_1.3.0/stm32cubeide/plugins/com.st.stm32cube.ide.mcu.externaltools.gnu-tools-for-stm32.7-2018-q2-update.win32_1.0.0.201904181610/tools/bin/../lib/gcc/arm-none-eabi/7.3.1/../../../../arm-none-eabi/lib/thumb/v7e-m/fpv4-sp/hard\libc_nano.a(lib_a-impure.o)
                0x0000000020000064                _impure_ptr
 .data.impure_data
                0x0000000020000068       0x60 c:/st/stm32cubeide_1.3.0/stm32cubeide/plugins/com.st.stm32cube.ide.mcu.externaltools.gnu-tools-for-stm32.7-2018-q2-update.win32_1.0.0.201904181610/tools/bin/../lib/gcc/arm-none-eabi/7.3.1/../../../../arm-none-eabi/lib/thumb/v7e-m/fpv4-sp/hard\libc_nano.a(lib_a-impure.o)
                0x00000000200000c8                . = ALIGN (0x4)
                0x00000000200000c8                _edata = .

.igot.plt       0x00000000200000c8        0x0 load address 0x000000000802c2ac
 .igot.plt      0x00000000200000c8        0x0 c:/st/stm32cubeide_1.3.0/stm32cubeide/plugins/com.st.stm32cube.ide.mcu.externaltools.gnu-tools-for-stm32.7-2018-q2-update.win32_1.0.0.201904181610/tools/bin/../lib/gcc/arm-none-eabi/7.3.1/thumb/v7e-m/fpv4-sp/hard/crtbegin.o
                0x00000000200000c8                . = ALIGN (0x4)

.bss            0x00000000200000c8     0x4750 load address 0x000000000802c2ac
                0x00000000200000c8                _sbss = .
                0x00000000200000c8                __bss_start__ = _sbss
 *(.bss)
 .bss           0x00000000200000c8       0x1c c:/st/stm32cubeide_1.3.0/stm32cubeide/plugins/com.st.stm32cube.ide.mcu.externaltools.gnu-tools-for-stm32.7-2018-q2-update.win32_1.0.0.201904181610/tools/bin/../lib/gcc/arm-none-eabi/7.3.1/thumb/v7e-m/fpv4-sp/hard/crtbegin.o
 *(.bss*)
 .bss.FatFs     0x00000000200000e4        0x4 Middlewares/Third_Party/FatFs/src/ff.o
 .bss.Fsid      0x00000000200000e8        0x2 Middlewares/Third_Party/FatFs/src/ff.o
 *fill*         0x00000000200000ea        0x2 
 .bss.Files     0x00000000200000ec       0x20 Middlewares/Third_Party/FatFs/src/ff.o
 .bss.LfnBuf    0x000000002000010c      0x200 Middlewares/Third_Party/FatFs/src/ff.o
 .bss.disk      0x000000002000030c        0xc Middlewares/Third_Party/FatFs/src/ff_gen_drv.o
                0x000000002000030c                disk
 .bss.CardType  0x0000000020000318        0x1 Src/fatfs_sd.o
 .bss.PowerFlag
                0x0000000020000319        0x1 Src/fatfs_sd.o
 *fill*         0x000000002000031a        0x2 
 .bss.sec_time  0x000000002000031c        0x4 Src/main.o
                0x000000002000031c                sec_time
 .bss.time_flag
                0x0000000020000320        0x4 Src/main.o
                0x0000000020000320                time_flag
 .bss.timer_cnt
                0x0000000020000324        0x4 Src/main.o
                0x0000000020000324                timer_cnt
 .bss.lock_flag_arr
                0x0000000020000328        0xa Src/main.o
                0x0000000020000328                lock_flag_arr
 *fill*         0x0000000020000332        0x2 
 .bss.lock_prog_arr
                0x0000000020000334        0xa Src/main.o
                0x0000000020000334                lock_prog_arr
 *fill*         0x000000002000033e        0x2 
 .bss.heap_end.6424
                0x0000000020000340        0x4 Src/sysmem.o
 .bss.__malloc_free_list
                0x0000000020000344        0x4 c:/st/stm32cubeide_1.3.0/stm32cubeide/plugins/com.st.stm32cube.ide.mcu.externaltools.gnu-tools-for-stm32.7-2018-q2-update.win32_1.0.0.201904181610/tools/bin/../lib/gcc/arm-none-eabi/7.3.1/../../../../arm-none-eabi/lib/thumb/v7e-m/fpv4-sp/hard\libc_nano.a(lib_a-nano-mallocr.o)
                0x0000000020000344                __malloc_free_list
 .bss.__malloc_sbrk_start
                0x0000000020000348        0x4 c:/st/stm32cubeide_1.3.0/stm32cubeide/plugins/com.st.stm32cube.ide.mcu.externaltools.gnu-tools-for-stm32.7-2018-q2-update.win32_1.0.0.201904181610/tools/bin/../lib/gcc/arm-none-eabi/7.3.1/../../../../arm-none-eabi/lib/thumb/v7e-m/fpv4-sp/hard\libc_nano.a(lib_a-nano-mallocr.o)
                0x0000000020000348                __malloc_sbrk_start
 *(COMMON)
 COMMON         0x000000002000034c        0x4 Drivers/STM32F4xx_HAL_Driver/Src/stm32f4xx_hal.o
                0x000000002000034c                uwTick
 COMMON         0x0000000020000350     0x2070 Src/fatfs.o
                0x0000000020000350                USERPath
                0x0000000020000354                retUSER
                0x0000000020000358                USERFile
                0x0000000020001388                USERFatFS
 COMMON         0x00000000200023c0        0x4 Src/fatfs_sd.o
                0x00000000200023c0                Timer2
                0x00000000200023c2                Timer1
 COMMON         0x00000000200023c4     0x2450 Src/main.o
                0x00000000200023c4                fre_clust
                0x00000000200023c8                rst_flag
                0x00000000200023c9                LED_color
                0x00000000200023cc                hdma_tim2_ch1
                0x000000002000242c                hspi2
                0x0000000020002484                fs
                0x00000000200034bc                totalSpace
                0x00000000200034c0                update_flag
                0x00000000200034c4                htim3
                0x0000000020003504                UART6_rxBuffer
                0x0000000020003510                file_name
                0x0000000020003544                sConfigOC
                0x0000000020003560                buffer
                0x00000000200035c4                GPIO_InitStruct
                0x00000000200035d8                current_led
                0x00000000200035dc                freeSpace
                0x00000000200035e0                huart6
                0x0000000020003620                sConfig
                0x000000002000363c                pfs
                0x0000000020003640                htim2
                0x0000000020003680                huart2
                0x00000000200036c0                fres
                0x00000000200036c4                DMA_InitStructure
                0x00000000200036f4                fil
                0x0000000020004724                end_time_arr
                0x0000000020004730                LED_colors
                0x0000000020004754                tmp_led_data
 COMMON         0x0000000020004814        0x4 c:/st/stm32cubeide_1.3.0/stm32cubeide/plugins/com.st.stm32cube.ide.mcu.externaltools.gnu-tools-for-stm32.7-2018-q2-update.win32_1.0.0.201904181610/tools/bin/../lib/gcc/arm-none-eabi/7.3.1/../../../../arm-none-eabi/lib/thumb/v7e-m/fpv4-sp/hard\libc_nano.a(lib_a-reent.o)
                0x0000000020004814                errno
                0x0000000020004818                . = ALIGN (0x4)
                0x0000000020004818                _ebss = .
                0x0000000020004818                __bss_end__ = _ebss

._user_heap_stack
                0x0000000020004818      0x600 load address 0x000000000802c2ac
                0x0000000020004818                . = ALIGN (0x8)
                0x0000000020004818                PROVIDE (end = .)
                [!provide]                        PROVIDE (_end = .)
                0x0000000020004a18                . = (. + _Min_Heap_Size)
 *fill*         0x0000000020004818      0x200 
                0x0000000020004e18                . = (. + _Min_Stack_Size)
 *fill*         0x0000000020004a18      0x400 
                0x0000000020004e18                . = ALIGN (0x8)

/DISCARD/
 libc.a(*)
 libm.a(*)
 libgcc.a(*)

.ARM.attributes
                0x0000000000000000       0x30
 *(.ARM.attributes)
 .ARM.attributes
                0x0000000000000000       0x22 c:/st/stm32cubeide_1.3.0/stm32cubeide/plugins/com.st.stm32cube.ide.mcu.externaltools.gnu-tools-for-stm32.7-2018-q2-update.win32_1.0.0.201904181610/tools/bin/../lib/gcc/arm-none-eabi/7.3.1/thumb/v7e-m/fpv4-sp/hard/crti.o
 .ARM.attributes
                0x0000000000000022       0x34 c:/st/stm32cubeide_1.3.0/stm32cubeide/plugins/com.st.stm32cube.ide.mcu.externaltools.gnu-tools-for-stm32.7-2018-q2-update.win32_1.0.0.201904181610/tools/bin/../lib/gcc/arm-none-eabi/7.3.1/thumb/v7e-m/fpv4-sp/hard/crtbegin.o
 .ARM.attributes
                0x0000000000000056       0x39 Drivers/STM32F4xx_HAL_Driver/Src/stm32f4xx_hal.o
 .ARM.attributes
                0x000000000000008f       0x39 Drivers/STM32F4xx_HAL_Driver/Src/stm32f4xx_hal_cortex.o
 .ARM.attributes
                0x00000000000000c8       0x39 Drivers/STM32F4xx_HAL_Driver/Src/stm32f4xx_hal_dma.o
 .ARM.attributes
                0x0000000000000101       0x39 Drivers/STM32F4xx_HAL_Driver/Src/stm32f4xx_hal_gpio.o
 .ARM.attributes
                0x000000000000013a       0x39 Drivers/STM32F4xx_HAL_Driver/Src/stm32f4xx_hal_rcc.o
 .ARM.attributes
                0x0000000000000173       0x39 Drivers/STM32F4xx_HAL_Driver/Src/stm32f4xx_hal_spi.o
 .ARM.attributes
                0x00000000000001ac       0x39 Drivers/STM32F4xx_HAL_Driver/Src/stm32f4xx_hal_tim.o
 .ARM.attributes
                0x00000000000001e5       0x39 Drivers/STM32F4xx_HAL_Driver/Src/stm32f4xx_hal_tim_ex.o
 .ARM.attributes
                0x000000000000021e       0x39 Drivers/STM32F4xx_HAL_Driver/Src/stm32f4xx_hal_uart.o
 .ARM.attributes
                0x0000000000000257       0x39 Middlewares/Third_Party/FatFs/src/diskio.o
 .ARM.attributes
                0x0000000000000290       0x39 Middlewares/Third_Party/FatFs/src/ff.o
 .ARM.attributes
                0x00000000000002c9       0x39 Middlewares/Third_Party/FatFs/src/ff_gen_drv.o
 .ARM.attributes
                0x0000000000000302       0x39 Middlewares/Third_Party/FatFs/src/option/cc949.o
 .ARM.attributes
                0x000000000000033b       0x39 Src/fatfs.o
 .ARM.attributes
                0x0000000000000374       0x39 Src/fatfs_sd.o
 .ARM.attributes
                0x00000000000003ad       0x39 Src/main.o
 .ARM.attributes
                0x00000000000003e6       0x39 Src/microSD.o
 .ARM.attributes
                0x000000000000041f       0x39 Src/stm32f4xx_hal_msp.o
 .ARM.attributes
                0x0000000000000458       0x39 Src/stm32f4xx_it.o
 .ARM.attributes
                0x0000000000000491       0x39 Src/sysmem.o
 .ARM.attributes
                0x00000000000004ca       0x39 Src/system_stm32f4xx.o
 .ARM.attributes
                0x0000000000000503       0x39 Src/tm1637_.o
 .ARM.attributes
                0x000000000000053c       0x39 Src/user_diskio.o
 .ARM.attributes
                0x0000000000000575       0x39 Src/w2812b.o
 .ARM.attributes
                0x00000000000005ae       0x21 Startup/startup_stm32f411retx.o
 .ARM.attributes
                0x00000000000005cf       0x34 c:/st/stm32cubeide_1.3.0/stm32cubeide/plugins/com.st.stm32cube.ide.mcu.externaltools.gnu-tools-for-stm32.7-2018-q2-update.win32_1.0.0.201904181610/tools/bin/../lib/gcc/arm-none-eabi/7.3.1/../../../../arm-none-eabi/lib/thumb/v7e-m/fpv4-sp/hard\libc_nano.a(lib_a-errno.o)
 .ARM.attributes
                0x0000000000000603       0x34 c:/st/stm32cubeide_1.3.0/stm32cubeide/plugins/com.st.stm32cube.ide.mcu.externaltools.gnu-tools-for-stm32.7-2018-q2-update.win32_1.0.0.201904181610/tools/bin/../lib/gcc/arm-none-eabi/7.3.1/../../../../arm-none-eabi/lib/thumb/v7e-m/fpv4-sp/hard\libc_nano.a(lib_a-impure.o)
 .ARM.attributes
                0x0000000000000637       0x34 c:/st/stm32cubeide_1.3.0/stm32cubeide/plugins/com.st.stm32cube.ide.mcu.externaltools.gnu-tools-for-stm32.7-2018-q2-update.win32_1.0.0.201904181610/tools/bin/../lib/gcc/arm-none-eabi/7.3.1/../../../../arm-none-eabi/lib/thumb/v7e-m/fpv4-sp/hard\libc_nano.a(lib_a-init.o)
 .ARM.attributes
                0x000000000000066b       0x34 c:/st/stm32cubeide_1.3.0/stm32cubeide/plugins/com.st.stm32cube.ide.mcu.externaltools.gnu-tools-for-stm32.7-2018-q2-update.win32_1.0.0.201904181610/tools/bin/../lib/gcc/arm-none-eabi/7.3.1/../../../../arm-none-eabi/lib/thumb/v7e-m/fpv4-sp/hard\libc_nano.a(lib_a-malloc.o)
 .ARM.attributes
                0x000000000000069f       0x34 c:/st/stm32cubeide_1.3.0/stm32cubeide/plugins/com.st.stm32cube.ide.mcu.externaltools.gnu-tools-for-stm32.7-2018-q2-update.win32_1.0.0.201904181610/tools/bin/../lib/gcc/arm-none-eabi/7.3.1/../../../../arm-none-eabi/lib/thumb/v7e-m/fpv4-sp/hard\libc_nano.a(lib_a-memset.o)
 .ARM.attributes
                0x00000000000006d3       0x34 c:/st/stm32cubeide_1.3.0/stm32cubeide/plugins/com.st.stm32cube.ide.mcu.externaltools.gnu-tools-for-stm32.7-2018-q2-update.win32_1.0.0.201904181610/tools/bin/../lib/gcc/arm-none-eabi/7.3.1/../../../../arm-none-eabi/lib/thumb/v7e-m/fpv4-sp/hard\libc_nano.a(lib_a-nano-freer.o)
 .ARM.attributes
                0x0000000000000707       0x34 c:/st/stm32cubeide_1.3.0/stm32cubeide/plugins/com.st.stm32cube.ide.mcu.externaltools.gnu-tools-for-stm32.7-2018-q2-update.win32_1.0.0.201904181610/tools/bin/../lib/gcc/arm-none-eabi/7.3.1/../../../../arm-none-eabi/lib/thumb/v7e-m/fpv4-sp/hard\libc_nano.a(lib_a-nano-mallocr.o)
 .ARM.attributes
                0x000000000000073b       0x34 c:/st/stm32cubeide_1.3.0/stm32cubeide/plugins/com.st.stm32cube.ide.mcu.externaltools.gnu-tools-for-stm32.7-2018-q2-update.win32_1.0.0.201904181610/tools/bin/../lib/gcc/arm-none-eabi/7.3.1/../../../../arm-none-eabi/lib/thumb/v7e-m/fpv4-sp/hard\libc_nano.a(lib_a-sbrkr.o)
 .ARM.attributes
                0x000000000000076f       0x34 c:/st/stm32cubeide_1.3.0/stm32cubeide/plugins/com.st.stm32cube.ide.mcu.externaltools.gnu-tools-for-stm32.7-2018-q2-update.win32_1.0.0.201904181610/tools/bin/../lib/gcc/arm-none-eabi/7.3.1/../../../../arm-none-eabi/lib/thumb/v7e-m/fpv4-sp/hard\libc_nano.a(lib_a-sprintf.o)
 .ARM.attributes
                0x00000000000007a3       0x1b c:/st/stm32cubeide_1.3.0/stm32cubeide/plugins/com.st.stm32cube.ide.mcu.externaltools.gnu-tools-for-stm32.7-2018-q2-update.win32_1.0.0.201904181610/tools/bin/../lib/gcc/arm-none-eabi/7.3.1/../../../../arm-none-eabi/lib/thumb/v7e-m/fpv4-sp/hard\libc_nano.a(lib_a-strlen.o)
 .ARM.attributes
                0x00000000000007be       0x34 c:/st/stm32cubeide_1.3.0/stm32cubeide/plugins/com.st.stm32cube.ide.mcu.externaltools.gnu-tools-for-stm32.7-2018-q2-update.win32_1.0.0.201904181610/tools/bin/../lib/gcc/arm-none-eabi/7.3.1/../../../../arm-none-eabi/lib/thumb/v7e-m/fpv4-sp/hard\libc_nano.a(lib_a-mlock.o)
 .ARM.attributes
                0x00000000000007f2       0x34 c:/st/stm32cubeide_1.3.0/stm32cubeide/plugins/com.st.stm32cube.ide.mcu.externaltools.gnu-tools-for-stm32.7-2018-q2-update.win32_1.0.0.201904181610/tools/bin/../lib/gcc/arm-none-eabi/7.3.1/../../../../arm-none-eabi/lib/thumb/v7e-m/fpv4-sp/hard\libc_nano.a(lib_a-nano-svfprintf.o)
 .ARM.attributes
                0x0000000000000826       0x34 c:/st/stm32cubeide_1.3.0/stm32cubeide/plugins/com.st.stm32cube.ide.mcu.externaltools.gnu-tools-for-stm32.7-2018-q2-update.win32_1.0.0.201904181610/tools/bin/../lib/gcc/arm-none-eabi/7.3.1/../../../../arm-none-eabi/lib/thumb/v7e-m/fpv4-sp/hard\libc_nano.a(lib_a-nano-vfprintf_i.o)
 .ARM.attributes
                0x000000000000085a       0x34 c:/st/stm32cubeide_1.3.0/stm32cubeide/plugins/com.st.stm32cube.ide.mcu.externaltools.gnu-tools-for-stm32.7-2018-q2-update.win32_1.0.0.201904181610/tools/bin/../lib/gcc/arm-none-eabi/7.3.1/../../../../arm-none-eabi/lib/thumb/v7e-m/fpv4-sp/hard\libc_nano.a(lib_a-reent.o)
 .ARM.attributes
                0x000000000000088e       0x20 c:/st/stm32cubeide_1.3.0/stm32cubeide/plugins/com.st.stm32cube.ide.mcu.externaltools.gnu-tools-for-stm32.7-2018-q2-update.win32_1.0.0.201904181610/tools/bin/../lib/gcc/arm-none-eabi/7.3.1/../../../../arm-none-eabi/lib/thumb/v7e-m/fpv4-sp/hard\libc_nano.a(lib_a-memchr.o)
 .ARM.attributes
                0x00000000000008ae       0x34 c:/st/stm32cubeide_1.3.0/stm32cubeide/plugins/com.st.stm32cube.ide.mcu.externaltools.gnu-tools-for-stm32.7-2018-q2-update.win32_1.0.0.201904181610/tools/bin/../lib/gcc/arm-none-eabi/7.3.1/../../../../arm-none-eabi/lib/thumb/v7e-m/fpv4-sp/hard\libc_nano.a(lib_a-memcpy-stub.o)
 .ARM.attributes
                0x00000000000008e2       0x34 c:/st/stm32cubeide_1.3.0/stm32cubeide/plugins/com.st.stm32cube.ide.mcu.externaltools.gnu-tools-for-stm32.7-2018-q2-update.win32_1.0.0.201904181610/tools/bin/../lib/gcc/arm-none-eabi/7.3.1/../../../../arm-none-eabi/lib/thumb/v7e-m/fpv4-sp/hard\libc_nano.a(lib_a-memmove.o)
 .ARM.attributes
                0x0000000000000916       0x34 c:/st/stm32cubeide_1.3.0/stm32cubeide/plugins/com.st.stm32cube.ide.mcu.externaltools.gnu-tools-for-stm32.7-2018-q2-update.win32_1.0.0.201904181610/tools/bin/../lib/gcc/arm-none-eabi/7.3.1/../../../../arm-none-eabi/lib/thumb/v7e-m/fpv4-sp/hard\libc_nano.a(lib_a-nano-reallocr.o)
 .ARM.attributes
                0x000000000000094a       0x34 c:/st/stm32cubeide_1.3.0/stm32cubeide/plugins/com.st.stm32cube.ide.mcu.externaltools.gnu-tools-for-stm32.7-2018-q2-update.win32_1.0.0.201904181610/tools/bin/../lib/gcc/arm-none-eabi/7.3.1/../../../../arm-none-eabi/lib/thumb/v7e-m/fpv4-sp/hard\libc_nano.a(lib_a-nano-msizer.o)
 .ARM.attributes
                0x000000000000097e       0x22 c:/st/stm32cubeide_1.3.0/stm32cubeide/plugins/com.st.stm32cube.ide.mcu.externaltools.gnu-tools-for-stm32.7-2018-q2-update.win32_1.0.0.201904181610/tools/bin/../lib/gcc/arm-none-eabi/7.3.1/thumb/v7e-m/fpv4-sp/hard\libgcc.a(_arm_addsubdf3.o)
 .ARM.attributes
                0x00000000000009a0       0x22 c:/st/stm32cubeide_1.3.0/stm32cubeide/plugins/com.st.stm32cube.ide.mcu.externaltools.gnu-tools-for-stm32.7-2018-q2-update.win32_1.0.0.201904181610/tools/bin/../lib/gcc/arm-none-eabi/7.3.1/thumb/v7e-m/fpv4-sp/hard\libgcc.a(_arm_muldivdf3.o)
 .ARM.attributes
                0x00000000000009c2       0x22 c:/st/stm32cubeide_1.3.0/stm32cubeide/plugins/com.st.stm32cube.ide.mcu.externaltools.gnu-tools-for-stm32.7-2018-q2-update.win32_1.0.0.201904181610/tools/bin/../lib/gcc/arm-none-eabi/7.3.1/thumb/v7e-m/fpv4-sp/hard\libgcc.a(_arm_fixunsdfsi.o)
 .ARM.attributes
                0x00000000000009e4       0x22 c:/st/stm32cubeide_1.3.0/stm32cubeide/plugins/com.st.stm32cube.ide.mcu.externaltools.gnu-tools-for-stm32.7-2018-q2-update.win32_1.0.0.201904181610/tools/bin/../lib/gcc/arm-none-eabi/7.3.1/thumb/v7e-m/fpv4-sp/hard\libgcc.a(_aeabi_uldivmod.o)
 .ARM.attributes
                0x0000000000000a06       0x34 c:/st/stm32cubeide_1.3.0/stm32cubeide/plugins/com.st.stm32cube.ide.mcu.externaltools.gnu-tools-for-stm32.7-2018-q2-update.win32_1.0.0.201904181610/tools/bin/../lib/gcc/arm-none-eabi/7.3.1/thumb/v7e-m/fpv4-sp/hard\libgcc.a(_udivmoddi4.o)
 .ARM.attributes
                0x0000000000000a3a       0x22 c:/st/stm32cubeide_1.3.0/stm32cubeide/plugins/com.st.stm32cube.ide.mcu.externaltools.gnu-tools-for-stm32.7-2018-q2-update.win32_1.0.0.201904181610/tools/bin/../lib/gcc/arm-none-eabi/7.3.1/thumb/v7e-m/fpv4-sp/hard\libgcc.a(_dvmd_tls.o)
 .ARM.attributes
                0x0000000000000a5c       0x22 c:/st/stm32cubeide_1.3.0/stm32cubeide/plugins/com.st.stm32cube.ide.mcu.externaltools.gnu-tools-for-stm32.7-2018-q2-update.win32_1.0.0.201904181610/tools/bin/../lib/gcc/arm-none-eabi/7.3.1/thumb/v7e-m/fpv4-sp/hard/crtn.o
OUTPUT(exit_escape_box_stm32f4.elf elf32-littlearm)

.debug_info     0x0000000000000000    0x19c0d
 .debug_info    0x0000000000000000      0x8d5 Drivers/STM32F4xx_HAL_Driver/Src/stm32f4xx_hal.o
 .debug_info    0x00000000000008d5      0xd98 Drivers/STM32F4xx_HAL_Driver/Src/stm32f4xx_hal_cortex.o
 .debug_info    0x000000000000166d      0x960 Drivers/STM32F4xx_HAL_Driver/Src/stm32f4xx_hal_dma.o
 .debug_info    0x0000000000001fcd      0x7d7 Drivers/STM32F4xx_HAL_Driver/Src/stm32f4xx_hal_gpio.o
 .debug_info    0x00000000000027a4      0x92a Drivers/STM32F4xx_HAL_Driver/Src/stm32f4xx_hal_rcc.o
 .debug_info    0x00000000000030ce     0x167a Drivers/STM32F4xx_HAL_Driver/Src/stm32f4xx_hal_spi.o
 .debug_info    0x0000000000004748     0x24a1 Drivers/STM32F4xx_HAL_Driver/Src/stm32f4xx_hal_tim.o
 .debug_info    0x0000000000006be9     0x114f Drivers/STM32F4xx_HAL_Driver/Src/stm32f4xx_hal_tim_ex.o
 .debug_info    0x0000000000007d38     0x1244 Drivers/STM32F4xx_HAL_Driver/Src/stm32f4xx_hal_uart.o
 .debug_info    0x0000000000008f7c      0xcdc Middlewares/Third_Party/FatFs/src/diskio.o
 .debug_info    0x0000000000009c58     0x2fb0 Middlewares/Third_Party/FatFs/src/ff.o
 .debug_info    0x000000000000cc08      0xc74 Middlewares/Third_Party/FatFs/src/ff_gen_drv.o
 .debug_info    0x000000000000d87c      0xb1d Middlewares/Third_Party/FatFs/src/option/cc949.o
 .debug_info    0x000000000000e399      0xdaa Src/fatfs.o
 .debug_info    0x000000000000f143      0xc1c Src/fatfs_sd.o
 .debug_info    0x000000000000fd5f     0x23d9 Src/main.o
 .debug_info    0x0000000000012138     0x1c37 Src/microSD.o
 .debug_info    0x0000000000013d6f     0x111b Src/stm32f4xx_hal_msp.o
 .debug_info    0x0000000000014e8a      0x93d Src/stm32f4xx_it.o
 .debug_info    0x00000000000157c7      0x91c Src/sysmem.o
 .debug_info    0x00000000000160e3      0x57e Src/system_stm32f4xx.o
 .debug_info    0x0000000000016661      0xc4d Src/tm1637_.o
 .debug_info    0x00000000000172ae     0x10f6 Src/user_diskio.o
 .debug_info    0x00000000000183a4     0x1847 Src/w2812b.o
 .debug_info    0x0000000000019beb       0x22 Startup/startup_stm32f411retx.o

.debug_abbrev   0x0000000000000000     0x33f9
 .debug_abbrev  0x0000000000000000      0x1f2 Drivers/STM32F4xx_HAL_Driver/Src/stm32f4xx_hal.o
 .debug_abbrev  0x00000000000001f2      0x2fa Drivers/STM32F4xx_HAL_Driver/Src/stm32f4xx_hal_cortex.o
 .debug_abbrev  0x00000000000004ec      0x1f1 Drivers/STM32F4xx_HAL_Driver/Src/stm32f4xx_hal_dma.o
 .debug_abbrev  0x00000000000006dd      0x1c9 Drivers/STM32F4xx_HAL_Driver/Src/stm32f4xx_hal_gpio.o
 .debug_abbrev  0x00000000000008a6      0x245 Drivers/STM32F4xx_HAL_Driver/Src/stm32f4xx_hal_rcc.o
 .debug_abbrev  0x0000000000000aeb      0x24f Drivers/STM32F4xx_HAL_Driver/Src/stm32f4xx_hal_spi.o
 .debug_abbrev  0x0000000000000d3a      0x23f Drivers/STM32F4xx_HAL_Driver/Src/stm32f4xx_hal_tim.o
 .debug_abbrev  0x0000000000000f79      0x22d Drivers/STM32F4xx_HAL_Driver/Src/stm32f4xx_hal_tim_ex.o
 .debug_abbrev  0x00000000000011a6      0x251 Drivers/STM32F4xx_HAL_Driver/Src/stm32f4xx_hal_uart.o
 .debug_abbrev  0x00000000000013f7      0x209 Middlewares/Third_Party/FatFs/src/diskio.o
 .debug_abbrev  0x0000000000001600      0x298 Middlewares/Third_Party/FatFs/src/ff.o
 .debug_abbrev  0x0000000000001898      0x236 Middlewares/Third_Party/FatFs/src/ff_gen_drv.o
 .debug_abbrev  0x0000000000001ace      0x1f8 Middlewares/Third_Party/FatFs/src/option/cc949.o
 .debug_abbrev  0x0000000000001cc6      0x1df Src/fatfs.o
 .debug_abbrev  0x0000000000001ea5      0x284 Src/fatfs_sd.o
 .debug_abbrev  0x0000000000002129      0x316 Src/main.o
 .debug_abbrev  0x000000000000243f      0x29b Src/microSD.o
 .debug_abbrev  0x00000000000026da      0x1f8 Src/stm32f4xx_hal_msp.o
 .debug_abbrev  0x00000000000028d2      0x169 Src/stm32f4xx_it.o
 .debug_abbrev  0x0000000000002a3b      0x1bb Src/sysmem.o
 .debug_abbrev  0x0000000000002bf6      0x12b Src/system_stm32f4xx.o
 .debug_abbrev  0x0000000000002d21      0x1fe Src/tm1637_.o
 .debug_abbrev  0x0000000000002f1f      0x1fe Src/user_diskio.o
 .debug_abbrev  0x000000000000311d      0x2ca Src/w2812b.o
 .debug_abbrev  0x00000000000033e7       0x12 Startup/startup_stm32f411retx.o

.debug_aranges  0x0000000000000000     0x1370
 .debug_aranges
                0x0000000000000000       0xf0 Drivers/STM32F4xx_HAL_Driver/Src/stm32f4xx_hal.o
 .debug_aranges
                0x00000000000000f0      0x118 Drivers/STM32F4xx_HAL_Driver/Src/stm32f4xx_hal_cortex.o
 .debug_aranges
                0x0000000000000208       0x90 Drivers/STM32F4xx_HAL_Driver/Src/stm32f4xx_hal_dma.o
 .debug_aranges
                0x0000000000000298       0x58 Drivers/STM32F4xx_HAL_Driver/Src/stm32f4xx_hal_gpio.o
 .debug_aranges
                0x00000000000002f0       0x88 Drivers/STM32F4xx_HAL_Driver/Src/stm32f4xx_hal_rcc.o
 .debug_aranges
                0x0000000000000378      0x1e8 Drivers/STM32F4xx_HAL_Driver/Src/stm32f4xx_hal_spi.o
 .debug_aranges
                0x0000000000000560      0x3a8 Drivers/STM32F4xx_HAL_Driver/Src/stm32f4xx_hal_tim.o
 .debug_aranges
                0x0000000000000908      0x150 Drivers/STM32F4xx_HAL_Driver/Src/stm32f4xx_hal_tim_ex.o
 .debug_aranges
                0x0000000000000a58      0x1d0 Drivers/STM32F4xx_HAL_Driver/Src/stm32f4xx_hal_uart.o
 .debug_aranges
                0x0000000000000c28       0x48 Middlewares/Third_Party/FatFs/src/diskio.o
 .debug_aranges
                0x0000000000000c70      0x250 Middlewares/Third_Party/FatFs/src/ff.o
 .debug_aranges
                0x0000000000000ec0       0x40 Middlewares/Third_Party/FatFs/src/ff_gen_drv.o
 .debug_aranges
                0x0000000000000f00       0x28 Middlewares/Third_Party/FatFs/src/option/cc949.o
 .debug_aranges
                0x0000000000000f28       0x28 Src/fatfs.o
 .debug_aranges
                0x0000000000000f50       0xa8 Src/fatfs_sd.o
 .debug_aranges
                0x0000000000000ff8       0x70 Src/main.o
 .debug_aranges
                0x0000000000001068       0x78 Src/microSD.o
 .debug_aranges
                0x00000000000010e0       0x50 Src/stm32f4xx_hal_msp.o
 .debug_aranges
                0x0000000000001130       0x78 Src/stm32f4xx_it.o
 .debug_aranges
                0x00000000000011a8       0x20 Src/sysmem.o
 .debug_aranges
                0x00000000000011c8       0x28 Src/system_stm32f4xx.o
 .debug_aranges
                0x00000000000011f0       0x80 Src/tm1637_.o
 .debug_aranges
                0x0000000000001270       0x40 Src/user_diskio.o
 .debug_aranges
                0x00000000000012b0       0x98 Src/w2812b.o
 .debug_aranges
                0x0000000000001348       0x28 Startup/startup_stm32f411retx.o

.debug_ranges   0x0000000000000000     0x11e8
 .debug_ranges  0x0000000000000000       0xe0 Drivers/STM32F4xx_HAL_Driver/Src/stm32f4xx_hal.o
 .debug_ranges  0x00000000000000e0      0x108 Drivers/STM32F4xx_HAL_Driver/Src/stm32f4xx_hal_cortex.o
 .debug_ranges  0x00000000000001e8       0x80 Drivers/STM32F4xx_HAL_Driver/Src/stm32f4xx_hal_dma.o
 .debug_ranges  0x0000000000000268       0x48 Drivers/STM32F4xx_HAL_Driver/Src/stm32f4xx_hal_gpio.o
 .debug_ranges  0x00000000000002b0       0x78 Drivers/STM32F4xx_HAL_Driver/Src/stm32f4xx_hal_rcc.o
 .debug_ranges  0x0000000000000328      0x1d8 Drivers/STM32F4xx_HAL_Driver/Src/stm32f4xx_hal_spi.o
 .debug_ranges  0x0000000000000500      0x398 Drivers/STM32F4xx_HAL_Driver/Src/stm32f4xx_hal_tim.o
 .debug_ranges  0x0000000000000898      0x140 Drivers/STM32F4xx_HAL_Driver/Src/stm32f4xx_hal_tim_ex.o
 .debug_ranges  0x00000000000009d8      0x1c0 Drivers/STM32F4xx_HAL_Driver/Src/stm32f4xx_hal_uart.o
 .debug_ranges  0x0000000000000b98       0x38 Middlewares/Third_Party/FatFs/src/diskio.o
 .debug_ranges  0x0000000000000bd0      0x240 Middlewares/Third_Party/FatFs/src/ff.o
 .debug_ranges  0x0000000000000e10       0x30 Middlewares/Third_Party/FatFs/src/ff_gen_drv.o
 .debug_ranges  0x0000000000000e40       0x18 Middlewares/Third_Party/FatFs/src/option/cc949.o
 .debug_ranges  0x0000000000000e58       0x18 Src/fatfs.o
 .debug_ranges  0x0000000000000e70       0x98 Src/fatfs_sd.o
 .debug_ranges  0x0000000000000f08       0x60 Src/main.o
 .debug_ranges  0x0000000000000f68       0x68 Src/microSD.o
 .debug_ranges  0x0000000000000fd0       0x40 Src/stm32f4xx_hal_msp.o
 .debug_ranges  0x0000000000001010       0x68 Src/stm32f4xx_it.o
 .debug_ranges  0x0000000000001078       0x10 Src/sysmem.o
 .debug_ranges  0x0000000000001088       0x18 Src/system_stm32f4xx.o
 .debug_ranges  0x00000000000010a0       0x70 Src/tm1637_.o
 .debug_ranges  0x0000000000001110       0x30 Src/user_diskio.o
 .debug_ranges  0x0000000000001140       0x88 Src/w2812b.o
 .debug_ranges  0x00000000000011c8       0x20 Startup/startup_stm32f411retx.o

.debug_macro    0x0000000000000000    0x1986f
 .debug_macro   0x0000000000000000      0x22e Drivers/STM32F4xx_HAL_Driver/Src/stm32f4xx_hal.o
 .debug_macro   0x000000000000022e      0xa5a Drivers/STM32F4xx_HAL_Driver/Src/stm32f4xx_hal.o
 .debug_macro   0x0000000000000c88      0x1ae Drivers/STM32F4xx_HAL_Driver/Src/stm32f4xx_hal.o
 .debug_macro   0x0000000000000e36       0x2e Drivers/STM32F4xx_HAL_Driver/Src/stm32f4xx_hal.o
 .debug_macro   0x0000000000000e64       0x28 Drivers/STM32F4xx_HAL_Driver/Src/stm32f4xx_hal.o
 .debug_macro   0x0000000000000e8c       0x22 Drivers/STM32F4xx_HAL_Driver/Src/stm32f4xx_hal.o
 .debug_macro   0x0000000000000eae       0x8e Drivers/STM32F4xx_HAL_Driver/Src/stm32f4xx_hal.o
 .debug_macro   0x0000000000000f3c       0x51 Drivers/STM32F4xx_HAL_Driver/Src/stm32f4xx_hal.o
 .debug_macro   0x0000000000000f8d       0xef Drivers/STM32F4xx_HAL_Driver/Src/stm32f4xx_hal.o
 .debug_macro   0x000000000000107c       0x6a Drivers/STM32F4xx_HAL_Driver/Src/stm32f4xx_hal.o
 .debug_macro   0x00000000000010e6      0x1df Drivers/STM32F4xx_HAL_Driver/Src/stm32f4xx_hal.o
 .debug_macro   0x00000000000012c5       0x1c Drivers/STM32F4xx_HAL_Driver/Src/stm32f4xx_hal.o
 .debug_macro   0x00000000000012e1       0x22 Drivers/STM32F4xx_HAL_Driver/Src/stm32f4xx_hal.o
 .debug_macro   0x0000000000001303       0xdf Drivers/STM32F4xx_HAL_Driver/Src/stm32f4xx_hal.o
 .debug_macro   0x00000000000013e2     0x102d Drivers/STM32F4xx_HAL_Driver/Src/stm32f4xx_hal.o
 .debug_macro   0x000000000000240f      0x11f Drivers/STM32F4xx_HAL_Driver/Src/stm32f4xx_hal.o
 .debug_macro   0x000000000000252e     0xb937 Drivers/STM32F4xx_HAL_Driver/Src/stm32f4xx_hal.o
 .debug_macro   0x000000000000de65       0x43 Drivers/STM32F4xx_HAL_Driver/Src/stm32f4xx_hal.o
 .debug_macro   0x000000000000dea8     0x3659 Drivers/STM32F4xx_HAL_Driver/Src/stm32f4xx_hal.o
 .debug_macro   0x0000000000011501      0x174 Drivers/STM32F4xx_HAL_Driver/Src/stm32f4xx_hal.o
 .debug_macro   0x0000000000011675       0x5a Drivers/STM32F4xx_HAL_Driver/Src/stm32f4xx_hal.o
 .debug_macro   0x00000000000116cf      0x447 Drivers/STM32F4xx_HAL_Driver/Src/stm32f4xx_hal.o
 .debug_macro   0x0000000000011b16      0x9fe Drivers/STM32F4xx_HAL_Driver/Src/stm32f4xx_hal.o
 .debug_macro   0x0000000000012514      0x117 Drivers/STM32F4xx_HAL_Driver/Src/stm32f4xx_hal.o
 .debug_macro   0x000000000001262b      0x11b Drivers/STM32F4xx_HAL_Driver/Src/stm32f4xx_hal.o
 .debug_macro   0x0000000000012746       0x27 Drivers/STM32F4xx_HAL_Driver/Src/stm32f4xx_hal.o
 .debug_macro   0x000000000001276d      0x287 Drivers/STM32F4xx_HAL_Driver/Src/stm32f4xx_hal.o
 .debug_macro   0x00000000000129f4       0x5f Drivers/STM32F4xx_HAL_Driver/Src/stm32f4xx_hal.o
 .debug_macro   0x0000000000012a53      0x236 Drivers/STM32F4xx_HAL_Driver/Src/stm32f4xx_hal.o
 .debug_macro   0x0000000000012c89      0x132 Drivers/STM32F4xx_HAL_Driver/Src/stm32f4xx_hal.o
 .debug_macro   0x0000000000012dbb      0x264 Drivers/STM32F4xx_HAL_Driver/Src/stm32f4xx_hal.o
 .debug_macro   0x000000000001301f       0x2e Drivers/STM32F4xx_HAL_Driver/Src/stm32f4xx_hal.o
 .debug_macro   0x000000000001304d      0x11a Drivers/STM32F4xx_HAL_Driver/Src/stm32f4xx_hal.o
 .debug_macro   0x0000000000013167       0x85 Drivers/STM32F4xx_HAL_Driver/Src/stm32f4xx_hal.o
 .debug_macro   0x00000000000131ec       0x89 Drivers/STM32F4xx_HAL_Driver/Src/stm32f4xx_hal.o