main.c:67:9:set_LED_colors	16	static
main.c:77:16:LED_set_color_all	24	static
main.c:87:16:write_PWM_data	24	static
main.c:116:16:LED_reset_pulse	16	static
main.c:160:9:led_is_update_finished	4	static
main.c:166:9:LED_update	16	static
main.c:185:13:led_update_sequence	16	static
main.c:266:6:DMA1_Stream5_IRQHandler	8	static
main.c:280:6:rainbow	24	static
main.c:299:6:pulse	16	static
main.c:320:6:pingpong	24	static
main.c:348:5:main	8	static
main.c:383:6:Error_Handler	16	static
main.c:437:6:SystemClock_Config	88	static
main.c:477:13:LED_Init	32	static
