w2812b.c:12:6:rainbow	24	static
w2812b.c:32:6:pulse	16	static
w2812b.c:53:6:pulse_red	16	static
w2812b.c:74:6:pingpong	24	static
w2812b.c:98:9:LED_set_color_all	24	static
w2812b.c:110:9:set_LED_colors	16	static
w2812b.c:121:9:write_PWM_data	24	static
w2812b.c:142:9:LED_reset_pulse	16	static
w2812b.c:172:9:led_is_update_finished	4	static
w2812b.c:178:9:LED_update	16	static
w2812b.c:197:6:led_update_sequence	16	static
w2812b.c:278:6:DMA1_Stream5_IRQHandler	8	static
w2812b.c:293:6:LED_Init	16	static
