w2812b.c:12:6:rainbow	24	static
w2812b.c:32:6:pulse	16	static
w2812b.c:53:6:pulse_red	16	static
w2812b.c:75:6:pulse_orange	16	static
w2812b.c:97:6:pulse_blue	16	static
w2812b.c:119:6:pulse_purple	16	static
w2812b.c:132:6:pingpong	24	static
w2812b.c:156:9:LED_set_color_all	24	static
w2812b.c:168:9:set_LED_colors	16	static
w2812b.c:179:9:write_PWM_data	24	static
w2812b.c:200:9:LED_reset_pulse	16	static
w2812b.c:230:9:led_is_update_finished	4	static
w2812b.c:236:9:LED_update	16	static
w2812b.c:255:6:led_update_sequence	16	static
w2812b.c:336:6:DMA1_Stream5_IRQHandler	8	static
w2812b.c:351:6:LED_Init	16	static
